Archive member included to satisfy reference by file (symbol)

c:/st/stm32cubeide_1.7.0/stm32cubeide/plugins/com.st.stm32cube.ide.mcu.externaltools.gnu-tools-for-stm32.9-2020-q2-update.win32_2.0.0.202105311346/tools/bin/../lib/gcc/arm-none-eabi/9.3.1/../../../../arm-none-eabi/lib/thumb/v7e-m+fp/hard\libc_nano.a(lib_a-exit.o)
                              c:/st/stm32cubeide_1.7.0/stm32cubeide/plugins/com.st.stm32cube.ide.mcu.externaltools.gnu-tools-for-stm32.9-2020-q2-update.win32_2.0.0.202105311346/tools/bin/../lib/gcc/arm-none-eabi/9.3.1/../../../../arm-none-eabi/lib/thumb/v7e-m+fp/hard/crt0.o (exit)
c:/st/stm32cubeide_1.7.0/stm32cubeide/plugins/com.st.stm32cube.ide.mcu.externaltools.gnu-tools-for-stm32.9-2020-q2-update.win32_2.0.0.202105311346/tools/bin/../lib/gcc/arm-none-eabi/9.3.1/../../../../arm-none-eabi/lib/thumb/v7e-m+fp/hard\libc_nano.a(lib_a-impure.o)
                              c:/st/stm32cubeide_1.7.0/stm32cubeide/plugins/com.st.stm32cube.ide.mcu.externaltools.gnu-tools-for-stm32.9-2020-q2-update.win32_2.0.0.202105311346/tools/bin/../lib/gcc/arm-none-eabi/9.3.1/../../../../arm-none-eabi/lib/thumb/v7e-m+fp/hard\libc_nano.a(lib_a-exit.o) (_global_impure_ptr)
c:/st/stm32cubeide_1.7.0/stm32cubeide/plugins/com.st.stm32cube.ide.mcu.externaltools.gnu-tools-for-stm32.9-2020-q2-update.win32_2.0.0.202105311346/tools/bin/../lib/gcc/arm-none-eabi/9.3.1/../../../../arm-none-eabi/lib/thumb/v7e-m+fp/hard\libc_nano.a(lib_a-init.o)
                              c:/st/stm32cubeide_1.7.0/stm32cubeide/plugins/com.st.stm32cube.ide.mcu.externaltools.gnu-tools-for-stm32.9-2020-q2-update.win32_2.0.0.202105311346/tools/bin/../lib/gcc/arm-none-eabi/9.3.1/../../../../arm-none-eabi/lib/thumb/v7e-m+fp/hard/crt0.o (__libc_init_array)
c:/st/stm32cubeide_1.7.0/stm32cubeide/plugins/com.st.stm32cube.ide.mcu.externaltools.gnu-tools-for-stm32.9-2020-q2-update.win32_2.0.0.202105311346/tools/bin/../lib/gcc/arm-none-eabi/9.3.1/../../../../arm-none-eabi/lib/thumb/v7e-m+fp/hard\libc_nano.a(lib_a-memset.o)
                              c:/st/stm32cubeide_1.7.0/stm32cubeide/plugins/com.st.stm32cube.ide.mcu.externaltools.gnu-tools-for-stm32.9-2020-q2-update.win32_2.0.0.202105311346/tools/bin/../lib/gcc/arm-none-eabi/9.3.1/../../../../arm-none-eabi/lib/thumb/v7e-m+fp/hard/crt0.o (memset)
c:/st/stm32cubeide_1.7.0/stm32cubeide/plugins/com.st.stm32cube.ide.mcu.externaltools.gnu-tools-for-stm32.9-2020-q2-update.win32_2.0.0.202105311346/tools/bin/../lib/gcc/arm-none-eabi/9.3.1/../../../../arm-none-eabi/lib/thumb/v7e-m+fp/hard\libnosys.a(_exit.o)
                              c:/st/stm32cubeide_1.7.0/stm32cubeide/plugins/com.st.stm32cube.ide.mcu.externaltools.gnu-tools-for-stm32.9-2020-q2-update.win32_2.0.0.202105311346/tools/bin/../lib/gcc/arm-none-eabi/9.3.1/../../../../arm-none-eabi/lib/thumb/v7e-m+fp/hard\libc_nano.a(lib_a-exit.o) (_exit)

Allocating common symbols
Common symbol       size              file

DMASTRUCT           0x28              ./Core/Src/main.o
dst                 0x190             ./Core/Src/main.o
Start_pin           0x1               ./Core/Src/_7Segment.o
TheKeyReturened     0x1               ./Core/Src/KEYPAD_program.o
The_port            0x1               ./Core/Src/_7Segment.o
src                 0x190             ./Core/Src/main.o
End_pin             0x1               ./Core/Src/_7Segment.o

Discarded input sections

 .text          0x0000000000000000        0x0 c:/st/stm32cubeide_1.7.0/stm32cubeide/plugins/com.st.stm32cube.ide.mcu.externaltools.gnu-tools-for-stm32.9-2020-q2-update.win32_2.0.0.202105311346/tools/bin/../lib/gcc/arm-none-eabi/9.3.1/thumb/v7e-m+fp/hard/crti.o
 .data          0x0000000000000000        0x0 c:/st/stm32cubeide_1.7.0/stm32cubeide/plugins/com.st.stm32cube.ide.mcu.externaltools.gnu-tools-for-stm32.9-2020-q2-update.win32_2.0.0.202105311346/tools/bin/../lib/gcc/arm-none-eabi/9.3.1/thumb/v7e-m+fp/hard/crti.o
 .bss           0x0000000000000000        0x0 c:/st/stm32cubeide_1.7.0/stm32cubeide/plugins/com.st.stm32cube.ide.mcu.externaltools.gnu-tools-for-stm32.9-2020-q2-update.win32_2.0.0.202105311346/tools/bin/../lib/gcc/arm-none-eabi/9.3.1/thumb/v7e-m+fp/hard/crti.o
 .data          0x0000000000000000        0x4 c:/st/stm32cubeide_1.7.0/stm32cubeide/plugins/com.st.stm32cube.ide.mcu.externaltools.gnu-tools-for-stm32.9-2020-q2-update.win32_2.0.0.202105311346/tools/bin/../lib/gcc/arm-none-eabi/9.3.1/thumb/v7e-m+fp/hard/crtbegin.o
 .text          0x0000000000000000       0x7c c:/st/stm32cubeide_1.7.0/stm32cubeide/plugins/com.st.stm32cube.ide.mcu.externaltools.gnu-tools-for-stm32.9-2020-q2-update.win32_2.0.0.202105311346/tools/bin/../lib/gcc/arm-none-eabi/9.3.1/../../../../arm-none-eabi/lib/thumb/v7e-m+fp/hard/crt0.o
 .data          0x0000000000000000        0x0 c:/st/stm32cubeide_1.7.0/stm32cubeide/plugins/com.st.stm32cube.ide.mcu.externaltools.gnu-tools-for-stm32.9-2020-q2-update.win32_2.0.0.202105311346/tools/bin/../lib/gcc/arm-none-eabi/9.3.1/../../../../arm-none-eabi/lib/thumb/v7e-m+fp/hard/crt0.o
 .bss           0x0000000000000000        0x0 c:/st/stm32cubeide_1.7.0/stm32cubeide/plugins/com.st.stm32cube.ide.mcu.externaltools.gnu-tools-for-stm32.9-2020-q2-update.win32_2.0.0.202105311346/tools/bin/../lib/gcc/arm-none-eabi/9.3.1/../../../../arm-none-eabi/lib/thumb/v7e-m+fp/hard/crt0.o
 .ARM.extab     0x0000000000000000        0x0 c:/st/stm32cubeide_1.7.0/stm32cubeide/plugins/com.st.stm32cube.ide.mcu.externaltools.gnu-tools-for-stm32.9-2020-q2-update.win32_2.0.0.202105311346/tools/bin/../lib/gcc/arm-none-eabi/9.3.1/../../../../arm-none-eabi/lib/thumb/v7e-m+fp/hard/crt0.o
 .ARM.exidx     0x0000000000000000       0x10 c:/st/stm32cubeide_1.7.0/stm32cubeide/plugins/com.st.stm32cube.ide.mcu.externaltools.gnu-tools-for-stm32.9-2020-q2-update.win32_2.0.0.202105311346/tools/bin/../lib/gcc/arm-none-eabi/9.3.1/../../../../arm-none-eabi/lib/thumb/v7e-m+fp/hard/crt0.o
 .ARM.attributes
                0x0000000000000000       0x1c c:/st/stm32cubeide_1.7.0/stm32cubeide/plugins/com.st.stm32cube.ide.mcu.externaltools.gnu-tools-for-stm32.9-2020-q2-update.win32_2.0.0.202105311346/tools/bin/../lib/gcc/arm-none-eabi/9.3.1/../../../../arm-none-eabi/lib/thumb/v7e-m+fp/hard/crt0.o
 .group         0x0000000000000000        0xc ./Core/Src/KEYPAD_program.o
 .group         0x0000000000000000        0xc ./Core/Src/KEYPAD_program.o
 .group         0x0000000000000000        0xc ./Core/Src/KEYPAD_program.o
 .text          0x0000000000000000        0x0 ./Core/Src/KEYPAD_program.o
 .data          0x0000000000000000        0x0 ./Core/Src/KEYPAD_program.o
 .bss           0x0000000000000000        0x0 ./Core/Src/KEYPAD_program.o
 .bss.PressedKey
                0x0000000000000000        0x1 ./Core/Src/KEYPAD_program.o
 .text.KEYPAD_Init
                0x0000000000000000       0x4c ./Core/Src/KEYPAD_program.o
 .data.keys     0x0000000000000000        0xc ./Core/Src/KEYPAD_program.o
 .text.KEYPAD_GetKey
                0x0000000000000000       0x18 ./Core/Src/KEYPAD_program.o
 .text.KEYPAD_Manage
                0x0000000000000000       0xa4 ./Core/Src/KEYPAD_program.o
 .debug_info    0x0000000000000000      0x11f ./Core/Src/KEYPAD_program.o
 .debug_abbrev  0x0000000000000000       0xda ./Core/Src/KEYPAD_program.o
 .debug_aranges
                0x0000000000000000       0x30 ./Core/Src/KEYPAD_program.o
 .debug_ranges  0x0000000000000000       0x20 ./Core/Src/KEYPAD_program.o
 .debug_macro   0x0000000000000000       0x37 ./Core/Src/KEYPAD_program.o
 .debug_macro   0x0000000000000000      0xaa8 ./Core/Src/KEYPAD_program.o
 .debug_macro   0x0000000000000000       0x64 ./Core/Src/KEYPAD_program.o
 .debug_macro   0x0000000000000000       0x2e ./Core/Src/KEYPAD_program.o
 .debug_line    0x0000000000000000      0x165 ./Core/Src/KEYPAD_program.o
 .debug_str     0x0000000000000000     0x2f38 ./Core/Src/KEYPAD_program.o
 .comment       0x0000000000000000       0x54 ./Core/Src/KEYPAD_program.o
 .debug_frame   0x0000000000000000       0x78 ./Core/Src/KEYPAD_program.o
 .ARM.attributes
                0x0000000000000000       0x34 ./Core/Src/KEYPAD_program.o
 COMMON         0x0000000000000000        0x1 ./Core/Src/KEYPAD_program.o
 .group         0x0000000000000000        0xc ./Core/Src/_7Segment.o
 .group         0x0000000000000000        0xc ./Core/Src/_7Segment.o
 .text          0x0000000000000000        0x0 ./Core/Src/_7Segment.o
 .data          0x0000000000000000        0x0 ./Core/Src/_7Segment.o
 .bss           0x0000000000000000        0x0 ./Core/Src/_7Segment.o
 .text.Segment_Init
                0x0000000000000000       0x5c ./Core/Src/_7Segment.o
 .rodata        0x0000000000000000        0xa ./Core/Src/_7Segment.o
 .text.Segment_Display
                0x0000000000000000       0x74 ./Core/Src/_7Segment.o
 .text.Segment_TurnOff
                0x0000000000000000       0x44 ./Core/Src/_7Segment.o
 .debug_info    0x0000000000000000      0x156 ./Core/Src/_7Segment.o
 .debug_abbrev  0x0000000000000000       0xc4 ./Core/Src/_7Segment.o
 .debug_aranges
                0x0000000000000000       0x30 ./Core/Src/_7Segment.o
 .debug_ranges  0x0000000000000000       0x20 ./Core/Src/_7Segment.o
 .debug_macro   0x0000000000000000       0x24 ./Core/Src/_7Segment.o
 .debug_macro   0x0000000000000000      0xaa8 ./Core/Src/_7Segment.o
 .debug_macro   0x0000000000000000       0x64 ./Core/Src/_7Segment.o
 .debug_line    0x0000000000000000      0x137 ./Core/Src/_7Segment.o
 .debug_str     0x0000000000000000     0x2eda ./Core/Src/_7Segment.o
 .comment       0x0000000000000000       0x54 ./Core/Src/_7Segment.o
 .debug_frame   0x0000000000000000       0x80 ./Core/Src/_7Segment.o
 .ARM.attributes
                0x0000000000000000       0x34 ./Core/Src/_7Segment.o
 COMMON         0x0000000000000000        0x3 ./Core/Src/_7Segment.o
 .group         0x0000000000000000        0xc ./Core/Src/main.o
 .group         0x0000000000000000        0xc ./Core/Src/main.o
 .group         0x0000000000000000        0xc ./Core/Src/main.o
 .group         0x0000000000000000        0xc ./Core/Src/main.o
 .group         0x0000000000000000        0xc ./Core/Src/main.o
 .group         0x0000000000000000        0xc ./Core/Src/main.o
 .group         0x0000000000000000        0xc ./Core/Src/main.o
 .group         0x0000000000000000        0xc ./Core/Src/main.o
 .group         0x0000000000000000        0xc ./Core/Src/main.o
 .group         0x0000000000000000        0xc ./Core/Src/main.o
 .group         0x0000000000000000        0xc ./Core/Src/main.o
 .group         0x0000000000000000        0xc ./Core/Src/main.o
 .group         0x0000000000000000        0xc ./Core/Src/main.o
 .group         0x0000000000000000        0xc ./Core/Src/main.o
 .group         0x0000000000000000        0xc ./Core/Src/main.o
 .group         0x0000000000000000        0xc ./Core/Src/main.o
 .group         0x0000000000000000        0xc ./Core/Src/main.o
 .text          0x0000000000000000        0x0 ./Core/Src/main.o
 .data          0x0000000000000000        0x0 ./Core/Src/main.o
 .bss           0x0000000000000000        0x0 ./Core/Src/main.o
 .debug_macro   0x0000000000000000      0xaa8 ./Core/Src/main.o
 .group         0x0000000000000000        0xc ./Core/Src/system_stm32f4xx.o
 .group         0x0000000000000000        0xc ./Core/Src/system_stm32f4xx.o
 .group         0x0000000000000000        0xc ./Core/Src/system_stm32f4xx.o
 .group         0x0000000000000000        0xc ./Core/Src/system_stm32f4xx.o
 .group         0x0000000000000000        0xc ./Core/Src/system_stm32f4xx.o
 .group         0x0000000000000000        0xc ./Core/Src/system_stm32f4xx.o
 .group         0x0000000000000000        0xc ./Core/Src/system_stm32f4xx.o
 .group         0x0000000000000000        0xc ./Core/Src/system_stm32f4xx.o
 .group         0x0000000000000000        0xc ./Core/Src/system_stm32f4xx.o
 .group         0x0000000000000000        0xc ./Core/Src/system_stm32f4xx.o
 .group         0x0000000000000000        0xc ./Core/Src/system_stm32f4xx.o
 .group         0x0000000000000000        0xc ./Core/Src/system_stm32f4xx.o
 .group         0x0000000000000000        0xc ./Core/Src/system_stm32f4xx.o
 .group         0x0000000000000000        0xc ./Core/Src/system_stm32f4xx.o
 .group         0x0000000000000000        0xc ./Core/Src/system_stm32f4xx.o
 .group         0x0000000000000000        0xc ./Core/Src/system_stm32f4xx.o
 .text          0x0000000000000000        0x0 ./Core/Src/system_stm32f4xx.o
 .data          0x0000000000000000        0x0 ./Core/Src/system_stm32f4xx.o
 .bss           0x0000000000000000        0x0 ./Core/Src/system_stm32f4xx.o
 .data.SystemCoreClock
                0x0000000000000000        0x4 ./Core/Src/system_stm32f4xx.o
 .rodata.AHBPrescTable
                0x0000000000000000       0x10 ./Core/Src/system_stm32f4xx.o
 .rodata.APBPrescTable
                0x0000000000000000        0x8 ./Core/Src/system_stm32f4xx.o
 .text.SystemCoreClockUpdate
                0x0000000000000000      0x100 ./Core/Src/system_stm32f4xx.o
 .debug_macro   0x0000000000000000      0xaa8 ./Core/Src/system_stm32f4xx.o
 .debug_macro   0x0000000000000000       0x28 ./Core/Src/system_stm32f4xx.o
 .debug_macro   0x0000000000000000       0x22 ./Core/Src/system_stm32f4xx.o
 .debug_macro   0x0000000000000000       0x8e ./Core/Src/system_stm32f4xx.o
 .debug_macro   0x0000000000000000       0x51 ./Core/Src/system_stm32f4xx.o
 .debug_macro   0x0000000000000000      0x103 ./Core/Src/system_stm32f4xx.o
 .debug_macro   0x0000000000000000       0x6a ./Core/Src/system_stm32f4xx.o
 .debug_macro   0x0000000000000000      0x1df ./Core/Src/system_stm32f4xx.o
 .debug_macro   0x0000000000000000       0x1c ./Core/Src/system_stm32f4xx.o
 .debug_macro   0x0000000000000000       0x22 ./Core/Src/system_stm32f4xx.o
 .debug_macro   0x0000000000000000       0xdf ./Core/Src/system_stm32f4xx.o
 .debug_macro   0x0000000000000000     0x102d ./Core/Src/system_stm32f4xx.o
 .debug_macro   0x0000000000000000      0x11f ./Core/Src/system_stm32f4xx.o
 .debug_macro   0x0000000000000000     0xb86c ./Core/Src/system_stm32f4xx.o
 .text          0x0000000000000000       0x14 ./Core/Startup/startup_stm32f401ccfx.o
 .data          0x0000000000000000        0x0 ./Core/Startup/startup_stm32f401ccfx.o
 .bss           0x0000000000000000        0x0 ./Core/Startup/startup_stm32f401ccfx.o
 .group         0x0000000000000000        0xc ./DMA/DMA.o
 .group         0x0000000000000000        0xc ./DMA/DMA.o
 .group         0x0000000000000000        0xc ./DMA/DMA.o
 .group         0x0000000000000000        0xc ./DMA/DMA.o
 .group         0x0000000000000000        0xc ./DMA/DMA.o
 .group         0x0000000000000000        0xc ./DMA/DMA.o
 .group         0x0000000000000000        0xc ./DMA/DMA.o
 .group         0x0000000000000000        0xc ./DMA/DMA.o
 .group         0x0000000000000000        0xc ./DMA/DMA.o
 .group         0x0000000000000000        0xc ./DMA/DMA.o
 .group         0x0000000000000000        0xc ./DMA/DMA.o
 .group         0x0000000000000000        0xc ./DMA/DMA.o
 .group         0x0000000000000000        0xc ./DMA/DMA.o
 .group         0x0000000000000000        0xc ./DMA/DMA.o
 .group         0x0000000000000000        0xc ./DMA/DMA.o
 .group         0x0000000000000000        0xc ./DMA/DMA.o
 .text          0x0000000000000000        0x0 ./DMA/DMA.o
 .data          0x0000000000000000        0x0 ./DMA/DMA.o
 .bss           0x0000000000000000        0x0 ./DMA/DMA.o
 .debug_macro   0x0000000000000000      0xaa8 ./DMA/DMA.o
 .debug_macro   0x0000000000000000       0x28 ./DMA/DMA.o
 .debug_macro   0x0000000000000000       0x22 ./DMA/DMA.o
 .debug_macro   0x0000000000000000       0x8e ./DMA/DMA.o
 .debug_macro   0x0000000000000000       0x51 ./DMA/DMA.o
 .debug_macro   0x0000000000000000      0x103 ./DMA/DMA.o
 .debug_macro   0x0000000000000000       0x6a ./DMA/DMA.o
 .debug_macro   0x0000000000000000      0x1df ./DMA/DMA.o
 .debug_macro   0x0000000000000000       0x1c ./DMA/DMA.o
 .debug_macro   0x0000000000000000       0x22 ./DMA/DMA.o
 .debug_macro   0x0000000000000000       0xdf ./DMA/DMA.o
 .debug_macro   0x0000000000000000     0x102d ./DMA/DMA.o
 .debug_macro   0x0000000000000000      0x11f ./DMA/DMA.o
 .debug_macro   0x0000000000000000     0xb86c ./DMA/DMA.o
 .debug_macro   0x0000000000000000      0x136 ./DMA/DMA.o
 .group         0x0000000000000000        0xc ./GPIO/GPIO.o
 .group         0x0000000000000000        0xc ./GPIO/GPIO.o
 .group         0x0000000000000000        0xc ./GPIO/GPIO.o
 .group         0x0000000000000000        0xc ./GPIO/GPIO.o
 .group         0x0000000000000000        0xc ./GPIO/GPIO.o
 .group         0x0000000000000000        0xc ./GPIO/GPIO.o
 .group         0x0000000000000000        0xc ./GPIO/GPIO.o
 .group         0x0000000000000000        0xc ./GPIO/GPIO.o
 .group         0x0000000000000000        0xc ./GPIO/GPIO.o
 .group         0x0000000000000000        0xc ./GPIO/GPIO.o
 .group         0x0000000000000000        0xc ./GPIO/GPIO.o
 .group         0x0000000000000000        0xc ./GPIO/GPIO.o
 .group         0x0000000000000000        0xc ./GPIO/GPIO.o
 .group         0x0000000000000000        0xc ./GPIO/GPIO.o
 .group         0x0000000000000000        0xc ./GPIO/GPIO.o
 .group         0x0000000000000000        0xc ./GPIO/GPIO.o
 .text          0x0000000000000000        0x0 ./GPIO/GPIO.o
 .data          0x0000000000000000        0x0 ./GPIO/GPIO.o
 .bss           0x0000000000000000        0x0 ./GPIO/GPIO.o
 .text.GPIO_ReadPin
                0x0000000000000000       0x68 ./GPIO/GPIO.o
 .debug_macro   0x0000000000000000      0xaa8 ./GPIO/GPIO.o
 .debug_macro   0x0000000000000000       0x28 ./GPIO/GPIO.o
 .debug_macro   0x0000000000000000       0x22 ./GPIO/GPIO.o
 .debug_macro   0x0000000000000000       0x8e ./GPIO/GPIO.o
 .debug_macro   0x0000000000000000       0x51 ./GPIO/GPIO.o
 .debug_macro   0x0000000000000000      0x103 ./GPIO/GPIO.o
 .debug_macro   0x0000000000000000       0x6a ./GPIO/GPIO.o
 .debug_macro   0x0000000000000000      0x1df ./GPIO/GPIO.o
 .debug_macro   0x0000000000000000       0x1c ./GPIO/GPIO.o
 .debug_macro   0x0000000000000000       0x22 ./GPIO/GPIO.o
 .debug_macro   0x0000000000000000       0xdf ./GPIO/GPIO.o
 .debug_macro   0x0000000000000000     0x102d ./GPIO/GPIO.o
 .debug_macro   0x0000000000000000      0x11f ./GPIO/GPIO.o
 .debug_macro   0x0000000000000000     0xb86c ./GPIO/GPIO.o
 .debug_macro   0x0000000000000000       0x46 ./GPIO/GPIO.o
 .debug_macro   0x0000000000000000      0x136 ./GPIO/GPIO.o
 .group         0x0000000000000000        0xc ./test/test.o
 .text          0x0000000000000000        0x0 ./test/test.o
 .data          0x0000000000000000        0x0 ./test/test.o
 .bss           0x0000000000000000        0x0 ./test/test.o
 .debug_info    0x0000000000000000       0x21 ./test/test.o
 .debug_abbrev  0x0000000000000000       0x13 ./test/test.o
 .debug_aranges
                0x0000000000000000       0x18 ./test/test.o
 .debug_macro   0x0000000000000000       0x11 ./test/test.o
 .debug_macro   0x0000000000000000      0xaa8 ./test/test.o
 .debug_line    0x0000000000000000       0x2f ./test/test.o
 .debug_str     0x0000000000000000     0x2da0 ./test/test.o
 .comment       0x0000000000000000       0x54 ./test/test.o
 .ARM.attributes
                0x0000000000000000       0x39 ./test/test.o
 .text          0x0000000000000000        0x0 c:/st/stm32cubeide_1.7.0/stm32cubeide/plugins/com.st.stm32cube.ide.mcu.externaltools.gnu-tools-for-stm32.9-2020-q2-update.win32_2.0.0.202105311346/tools/bin/../lib/gcc/arm-none-eabi/9.3.1/../../../../arm-none-eabi/lib/thumb/v7e-m+fp/hard\libc_nano.a(lib_a-exit.o)
 .data          0x0000000000000000        0x0 c:/st/stm32cubeide_1.7.0/stm32cubeide/plugins/com.st.stm32cube.ide.mcu.externaltools.gnu-tools-for-stm32.9-2020-q2-update.win32_2.0.0.202105311346/tools/bin/../lib/gcc/arm-none-eabi/9.3.1/../../../../arm-none-eabi/lib/thumb/v7e-m+fp/hard\libc_nano.a(lib_a-exit.o)
 .bss           0x0000000000000000        0x0 c:/st/stm32cubeide_1.7.0/stm32cubeide/plugins/com.st.stm32cube.ide.mcu.externaltools.gnu-tools-for-stm32.9-2020-q2-update.win32_2.0.0.202105311346/tools/bin/../lib/gcc/arm-none-eabi/9.3.1/../../../../arm-none-eabi/lib/thumb/v7e-m+fp/hard\libc_nano.a(lib_a-exit.o)
 .text.exit     0x0000000000000000       0x28 c:/st/stm32cubeide_1.7.0/stm32cubeide/plugins/com.st.stm32cube.ide.mcu.externaltools.gnu-tools-for-stm32.9-2020-q2-update.win32_2.0.0.202105311346/tools/bin/../lib/gcc/arm-none-eabi/9.3.1/../../../../arm-none-eabi/lib/thumb/v7e-m+fp/hard\libc_nano.a(lib_a-exit.o)
 .debug_frame   0x0000000000000000       0x28 c:/st/stm32cubeide_1.7.0/stm32cubeide/plugins/com.st.stm32cube.ide.mcu.externaltools.gnu-tools-for-stm32.9-2020-q2-update.win32_2.0.0.202105311346/tools/bin/../lib/gcc/arm-none-eabi/9.3.1/../../../../arm-none-eabi/lib/thumb/v7e-m+fp/hard\libc_nano.a(lib_a-exit.o)
 .ARM.attributes
                0x0000000000000000       0x34 c:/st/stm32cubeide_1.7.0/stm32cubeide/plugins/com.st.stm32cube.ide.mcu.externaltools.gnu-tools-for-stm32.9-2020-q2-update.win32_2.0.0.202105311346/tools/bin/../lib/gcc/arm-none-eabi/9.3.1/../../../../arm-none-eabi/lib/thumb/v7e-m+fp/hard\libc_nano.a(lib_a-exit.o)
 .text          0x0000000000000000        0x0 c:/st/stm32cubeide_1.7.0/stm32cubeide/plugins/com.st.stm32cube.ide.mcu.externaltools.gnu-tools-for-stm32.9-2020-q2-update.win32_2.0.0.202105311346/tools/bin/../lib/gcc/arm-none-eabi/9.3.1/../../../../arm-none-eabi/lib/thumb/v7e-m+fp/hard\libc_nano.a(lib_a-impure.o)
 .data          0x0000000000000000        0x0 c:/st/stm32cubeide_1.7.0/stm32cubeide/plugins/com.st.stm32cube.ide.mcu.externaltools.gnu-tools-for-stm32.9-2020-q2-update.win32_2.0.0.202105311346/tools/bin/../lib/gcc/arm-none-eabi/9.3.1/../../../../arm-none-eabi/lib/thumb/v7e-m+fp/hard\libc_nano.a(lib_a-impure.o)
 .bss           0x0000000000000000        0x0 c:/st/stm32cubeide_1.7.0/stm32cubeide/plugins/com.st.stm32cube.ide.mcu.externaltools.gnu-tools-for-stm32.9-2020-q2-update.win32_2.0.0.202105311346/tools/bin/../lib/gcc/arm-none-eabi/9.3.1/../../../../arm-none-eabi/lib/thumb/v7e-m+fp/hard\libc_nano.a(lib_a-impure.o)
 .data._impure_ptr
                0x0000000000000000        0x4 c:/st/stm32cubeide_1.7.0/stm32cubeide/plugins/com.st.stm32cube.ide.mcu.externaltools.gnu-tools-for-stm32.9-2020-q2-update.win32_2.0.0.202105311346/tools/bin/../lib/gcc/arm-none-eabi/9.3.1/../../../../arm-none-eabi/lib/thumb/v7e-m+fp/hard\libc_nano.a(lib_a-impure.o)
 .data.impure_data
                0x0000000000000000       0x60 c:/st/stm32cubeide_1.7.0/stm32cubeide/plugins/com.st.stm32cube.ide.mcu.externaltools.gnu-tools-for-stm32.9-2020-q2-update.win32_2.0.0.202105311346/tools/bin/../lib/gcc/arm-none-eabi/9.3.1/../../../../arm-none-eabi/lib/thumb/v7e-m+fp/hard\libc_nano.a(lib_a-impure.o)
 .rodata._global_impure_ptr
                0x0000000000000000        0x4 c:/st/stm32cubeide_1.7.0/stm32cubeide/plugins/com.st.stm32cube.ide.mcu.externaltools.gnu-tools-for-stm32.9-2020-q2-update.win32_2.0.0.202105311346/tools/bin/../lib/gcc/arm-none-eabi/9.3.1/../../../../arm-none-eabi/lib/thumb/v7e-m+fp/hard\libc_nano.a(lib_a-impure.o)
 .ARM.attributes
                0x0000000000000000       0x32 c:/st/stm32cubeide_1.7.0/stm32cubeide/plugins/com.st.stm32cube.ide.mcu.externaltools.gnu-tools-for-stm32.9-2020-q2-update.win32_2.0.0.202105311346/tools/bin/../lib/gcc/arm-none-eabi/9.3.1/../../../../arm-none-eabi/lib/thumb/v7e-m+fp/hard\libc_nano.a(lib_a-impure.o)
 .text          0x0000000000000000        0x0 c:/st/stm32cubeide_1.7.0/stm32cubeide/plugins/com.st.stm32cube.ide.mcu.externaltools.gnu-tools-for-stm32.9-2020-q2-update.win32_2.0.0.202105311346/tools/bin/../lib/gcc/arm-none-eabi/9.3.1/../../../../arm-none-eabi/lib/thumb/v7e-m+fp/hard\libc_nano.a(lib_a-init.o)
 .data          0x0000000000000000        0x0 c:/st/stm32cubeide_1.7.0/stm32cubeide/plugins/com.st.stm32cube.ide.mcu.externaltools.gnu-tools-for-stm32.9-2020-q2-update.win32_2.0.0.202105311346/tools/bin/../lib/gcc/arm-none-eabi/9.3.1/../../../../arm-none-eabi/lib/thumb/v7e-m+fp/hard\libc_nano.a(lib_a-init.o)
 .bss           0x0000000000000000        0x0 c:/st/stm32cubeide_1.7.0/stm32cubeide/plugins/com.st.stm32cube.ide.mcu.externaltools.gnu-tools-for-stm32.9-2020-q2-update.win32_2.0.0.202105311346/tools/bin/../lib/gcc/arm-none-eabi/9.3.1/../../../../arm-none-eabi/lib/thumb/v7e-m+fp/hard\libc_nano.a(lib_a-init.o)
 .text          0x0000000000000000        0x0 c:/st/stm32cubeide_1.7.0/stm32cubeide/plugins/com.st.stm32cube.ide.mcu.externaltools.gnu-tools-for-stm32.9-2020-q2-update.win32_2.0.0.202105311346/tools/bin/../lib/gcc/arm-none-eabi/9.3.1/../../../../arm-none-eabi/lib/thumb/v7e-m+fp/hard\libc_nano.a(lib_a-memset.o)
 .data          0x0000000000000000        0x0 c:/st/stm32cubeide_1.7.0/stm32cubeide/plugins/com.st.stm32cube.ide.mcu.externaltools.gnu-tools-for-stm32.9-2020-q2-update.win32_2.0.0.202105311346/tools/bin/../lib/gcc/arm-none-eabi/9.3.1/../../../../arm-none-eabi/lib/thumb/v7e-m+fp/hard\libc_nano.a(lib_a-memset.o)
 .bss           0x0000000000000000        0x0 c:/st/stm32cubeide_1.7.0/stm32cubeide/plugins/com.st.stm32cube.ide.mcu.externaltools.gnu-tools-for-stm32.9-2020-q2-update.win32_2.0.0.202105311346/tools/bin/../lib/gcc/arm-none-eabi/9.3.1/../../../../arm-none-eabi/lib/thumb/v7e-m+fp/hard\libc_nano.a(lib_a-memset.o)
 .text.memset   0x0000000000000000       0x10 c:/st/stm32cubeide_1.7.0/stm32cubeide/plugins/com.st.stm32cube.ide.mcu.externaltools.gnu-tools-for-stm32.9-2020-q2-update.win32_2.0.0.202105311346/tools/bin/../lib/gcc/arm-none-eabi/9.3.1/../../../../arm-none-eabi/lib/thumb/v7e-m+fp/hard\libc_nano.a(lib_a-memset.o)
 .debug_frame   0x0000000000000000       0x20 c:/st/stm32cubeide_1.7.0/stm32cubeide/plugins/com.st.stm32cube.ide.mcu.externaltools.gnu-tools-for-stm32.9-2020-q2-update.win32_2.0.0.202105311346/tools/bin/../lib/gcc/arm-none-eabi/9.3.1/../../../../arm-none-eabi/lib/thumb/v7e-m+fp/hard\libc_nano.a(lib_a-memset.o)
 .ARM.attributes
                0x0000000000000000       0x34 c:/st/stm32cubeide_1.7.0/stm32cubeide/plugins/com.st.stm32cube.ide.mcu.externaltools.gnu-tools-for-stm32.9-2020-q2-update.win32_2.0.0.202105311346/tools/bin/../lib/gcc/arm-none-eabi/9.3.1/../../../../arm-none-eabi/lib/thumb/v7e-m+fp/hard\libc_nano.a(lib_a-memset.o)
 .text          0x0000000000000000        0x0 c:/st/stm32cubeide_1.7.0/stm32cubeide/plugins/com.st.stm32cube.ide.mcu.externaltools.gnu-tools-for-stm32.9-2020-q2-update.win32_2.0.0.202105311346/tools/bin/../lib/gcc/arm-none-eabi/9.3.1/../../../../arm-none-eabi/lib/thumb/v7e-m+fp/hard\libnosys.a(_exit.o)
 .data          0x0000000000000000        0x0 c:/st/stm32cubeide_1.7.0/stm32cubeide/plugins/com.st.stm32cube.ide.mcu.externaltools.gnu-tools-for-stm32.9-2020-q2-update.win32_2.0.0.202105311346/tools/bin/../lib/gcc/arm-none-eabi/9.3.1/../../../../arm-none-eabi/lib/thumb/v7e-m+fp/hard\libnosys.a(_exit.o)
 .bss           0x0000000000000000        0x0 c:/st/stm32cubeide_1.7.0/stm32cubeide/plugins/com.st.stm32cube.ide.mcu.externaltools.gnu-tools-for-stm32.9-2020-q2-update.win32_2.0.0.202105311346/tools/bin/../lib/gcc/arm-none-eabi/9.3.1/../../../../arm-none-eabi/lib/thumb/v7e-m+fp/hard\libnosys.a(_exit.o)
 .text._exit    0x0000000000000000        0x2 c:/st/stm32cubeide_1.7.0/stm32cubeide/plugins/com.st.stm32cube.ide.mcu.externaltools.gnu-tools-for-stm32.9-2020-q2-update.win32_2.0.0.202105311346/tools/bin/../lib/gcc/arm-none-eabi/9.3.1/../../../../arm-none-eabi/lib/thumb/v7e-m+fp/hard\libnosys.a(_exit.o)
 .debug_frame   0x0000000000000000       0x20 c:/st/stm32cubeide_1.7.0/stm32cubeide/plugins/com.st.stm32cube.ide.mcu.externaltools.gnu-tools-for-stm32.9-2020-q2-update.win32_2.0.0.202105311346/tools/bin/../lib/gcc/arm-none-eabi/9.3.1/../../../../arm-none-eabi/lib/thumb/v7e-m+fp/hard\libnosys.a(_exit.o)
 .ARM.attributes
                0x0000000000000000       0x34 c:/st/stm32cubeide_1.7.0/stm32cubeide/plugins/com.st.stm32cube.ide.mcu.externaltools.gnu-tools-for-stm32.9-2020-q2-update.win32_2.0.0.202105311346/tools/bin/../lib/gcc/arm-none-eabi/9.3.1/../../../../arm-none-eabi/lib/thumb/v7e-m+fp/hard\libnosys.a(_exit.o)
 .text          0x0000000000000000        0x0 c:/st/stm32cubeide_1.7.0/stm32cubeide/plugins/com.st.stm32cube.ide.mcu.externaltools.gnu-tools-for-stm32.9-2020-q2-update.win32_2.0.0.202105311346/tools/bin/../lib/gcc/arm-none-eabi/9.3.1/thumb/v7e-m+fp/hard/crtend.o
 .data          0x0000000000000000        0x0 c:/st/stm32cubeide_1.7.0/stm32cubeide/plugins/com.st.stm32cube.ide.mcu.externaltools.gnu-tools-for-stm32.9-2020-q2-update.win32_2.0.0.202105311346/tools/bin/../lib/gcc/arm-none-eabi/9.3.1/thumb/v7e-m+fp/hard/crtend.o
 .bss           0x0000000000000000        0x0 c:/st/stm32cubeide_1.7.0/stm32cubeide/plugins/com.st.stm32cube.ide.mcu.externaltools.gnu-tools-for-stm32.9-2020-q2-update.win32_2.0.0.202105311346/tools/bin/../lib/gcc/arm-none-eabi/9.3.1/thumb/v7e-m+fp/hard/crtend.o
 .eh_frame      0x0000000000000000        0x4 c:/st/stm32cubeide_1.7.0/stm32cubeide/plugins/com.st.stm32cube.ide.mcu.externaltools.gnu-tools-for-stm32.9-2020-q2-update.win32_2.0.0.202105311346/tools/bin/../lib/gcc/arm-none-eabi/9.3.1/thumb/v7e-m+fp/hard/crtend.o
 .ARM.attributes
                0x0000000000000000       0x32 c:/st/stm32cubeide_1.7.0/stm32cubeide/plugins/com.st.stm32cube.ide.mcu.externaltools.gnu-tools-for-stm32.9-2020-q2-update.win32_2.0.0.202105311346/tools/bin/../lib/gcc/arm-none-eabi/9.3.1/thumb/v7e-m+fp/hard/crtend.o
 .text          0x0000000000000000        0x0 c:/st/stm32cubeide_1.7.0/stm32cubeide/plugins/com.st.stm32cube.ide.mcu.externaltools.gnu-tools-for-stm32.9-2020-q2-update.win32_2.0.0.202105311346/tools/bin/../lib/gcc/arm-none-eabi/9.3.1/thumb/v7e-m+fp/hard/crtn.o
 .data          0x0000000000000000        0x0 c:/st/stm32cubeide_1.7.0/stm32cubeide/plugins/com.st.stm32cube.ide.mcu.externaltools.gnu-tools-for-stm32.9-2020-q2-update.win32_2.0.0.202105311346/tools/bin/../lib/gcc/arm-none-eabi/9.3.1/thumb/v7e-m+fp/hard/crtn.o
 .bss           0x0000000000000000        0x0 c:/st/stm32cubeide_1.7.0/stm32cubeide/plugins/com.st.stm32cube.ide.mcu.externaltools.gnu-tools-for-stm32.9-2020-q2-update.win32_2.0.0.202105311346/tools/bin/../lib/gcc/arm-none-eabi/9.3.1/thumb/v7e-m+fp/hard/crtn.o

Memory Configuration

Name             Origin             Length             Attributes
RAM              0x0000000020000000 0x0000000000010000 xrw
FLASH            0x0000000008000000 0x0000000000040000 xr
*default*        0x0000000000000000 0xffffffffffffffff

Linker script and memory map

LOAD c:/st/stm32cubeide_1.7.0/stm32cubeide/plugins/com.st.stm32cube.ide.mcu.externaltools.gnu-tools-for-stm32.9-2020-q2-update.win32_2.0.0.202105311346/tools/bin/../lib/gcc/arm-none-eabi/9.3.1/thumb/v7e-m+fp/hard/crti.o
LOAD c:/st/stm32cubeide_1.7.0/stm32cubeide/plugins/com.st.stm32cube.ide.mcu.externaltools.gnu-tools-for-stm32.9-2020-q2-update.win32_2.0.0.202105311346/tools/bin/../lib/gcc/arm-none-eabi/9.3.1/thumb/v7e-m+fp/hard/crtbegin.o
LOAD c:/st/stm32cubeide_1.7.0/stm32cubeide/plugins/com.st.stm32cube.ide.mcu.externaltools.gnu-tools-for-stm32.9-2020-q2-update.win32_2.0.0.202105311346/tools/bin/../lib/gcc/arm-none-eabi/9.3.1/../../../../arm-none-eabi/lib/thumb/v7e-m+fp/hard/crt0.o
LOAD ./Core/Src/KEYPAD_program.o
LOAD ./Core/Src/_7Segment.o
LOAD ./Core/Src/main.o
LOAD ./Core/Src/system_stm32f4xx.o
LOAD ./Core/Startup/startup_stm32f401ccfx.o
LOAD ./DMA/DMA.o
LOAD ./GPIO/GPIO.o
LOAD ./test/test.o
START GROUP
LOAD c:/st/stm32cubeide_1.7.0/stm32cubeide/plugins/com.st.stm32cube.ide.mcu.externaltools.gnu-tools-for-stm32.9-2020-q2-update.win32_2.0.0.202105311346/tools/bin/../lib/gcc/arm-none-eabi/9.3.1/../../../../arm-none-eabi/lib/thumb/v7e-m+fp/hard\libc_nano.a
LOAD c:/st/stm32cubeide_1.7.0/stm32cubeide/plugins/com.st.stm32cube.ide.mcu.externaltools.gnu-tools-for-stm32.9-2020-q2-update.win32_2.0.0.202105311346/tools/bin/../lib/gcc/arm-none-eabi/9.3.1/../../../../arm-none-eabi/lib/thumb/v7e-m+fp/hard\libm.a
END GROUP
START GROUP
LOAD c:/st/stm32cubeide_1.7.0/stm32cubeide/plugins/com.st.stm32cube.ide.mcu.externaltools.gnu-tools-for-stm32.9-2020-q2-update.win32_2.0.0.202105311346/tools/bin/../lib/gcc/arm-none-eabi/9.3.1/thumb/v7e-m+fp/hard\libgcc.a
LOAD c:/st/stm32cubeide_1.7.0/stm32cubeide/plugins/com.st.stm32cube.ide.mcu.externaltools.gnu-tools-for-stm32.9-2020-q2-update.win32_2.0.0.202105311346/tools/bin/../lib/gcc/arm-none-eabi/9.3.1/../../../../arm-none-eabi/lib/thumb/v7e-m+fp/hard\libc_nano.a
END GROUP
START GROUP
LOAD c:/st/stm32cubeide_1.7.0/stm32cubeide/plugins/com.st.stm32cube.ide.mcu.externaltools.gnu-tools-for-stm32.9-2020-q2-update.win32_2.0.0.202105311346/tools/bin/../lib/gcc/arm-none-eabi/9.3.1/thumb/v7e-m+fp/hard\libgcc.a
LOAD c:/st/stm32cubeide_1.7.0/stm32cubeide/plugins/com.st.stm32cube.ide.mcu.externaltools.gnu-tools-for-stm32.9-2020-q2-update.win32_2.0.0.202105311346/tools/bin/../lib/gcc/arm-none-eabi/9.3.1/../../../../arm-none-eabi/lib/thumb/v7e-m+fp/hard\libc_nano.a
LOAD c:/st/stm32cubeide_1.7.0/stm32cubeide/plugins/com.st.stm32cube.ide.mcu.externaltools.gnu-tools-for-stm32.9-2020-q2-update.win32_2.0.0.202105311346/tools/bin/../lib/gcc/arm-none-eabi/9.3.1/../../../../arm-none-eabi/lib/thumb/v7e-m+fp/hard\libnosys.a
END GROUP
START GROUP
LOAD c:/st/stm32cubeide_1.7.0/stm32cubeide/plugins/com.st.stm32cube.ide.mcu.externaltools.gnu-tools-for-stm32.9-2020-q2-update.win32_2.0.0.202105311346/tools/bin/../lib/gcc/arm-none-eabi/9.3.1/thumb/v7e-m+fp/hard\libgcc.a
LOAD c:/st/stm32cubeide_1.7.0/stm32cubeide/plugins/com.st.stm32cube.ide.mcu.externaltools.gnu-tools-for-stm32.9-2020-q2-update.win32_2.0.0.202105311346/tools/bin/../lib/gcc/arm-none-eabi/9.3.1/../../../../arm-none-eabi/lib/thumb/v7e-m+fp/hard\libc_nano.a
LOAD c:/st/stm32cubeide_1.7.0/stm32cubeide/plugins/com.st.stm32cube.ide.mcu.externaltools.gnu-tools-for-stm32.9-2020-q2-update.win32_2.0.0.202105311346/tools/bin/../lib/gcc/arm-none-eabi/9.3.1/../../../../arm-none-eabi/lib/thumb/v7e-m+fp/hard\libnosys.a
END GROUP
LOAD c:/st/stm32cubeide_1.7.0/stm32cubeide/plugins/com.st.stm32cube.ide.mcu.externaltools.gnu-tools-for-stm32.9-2020-q2-update.win32_2.0.0.202105311346/tools/bin/../lib/gcc/arm-none-eabi/9.3.1/thumb/v7e-m+fp/hard/crtend.o
LOAD c:/st/stm32cubeide_1.7.0/stm32cubeide/plugins/com.st.stm32cube.ide.mcu.externaltools.gnu-tools-for-stm32.9-2020-q2-update.win32_2.0.0.202105311346/tools/bin/../lib/gcc/arm-none-eabi/9.3.1/thumb/v7e-m+fp/hard/crtn.o
                0x0000000020010000                _estack = (ORIGIN (RAM) + LENGTH (RAM))
                0x0000000000000200                _Min_Heap_Size = 0x200
                0x0000000000000400                _Min_Stack_Size = 0x400

.isr_vector     0x0000000008000000      0x194
                0x0000000008000000                . = ALIGN (0x4)
 *(.isr_vector)
 .isr_vector    0x0000000008000000      0x194 ./Core/Startup/startup_stm32f401ccfx.o
                0x0000000008000000                g_pfnVectors
                0x0000000008000194                . = ALIGN (0x4)

.text           0x0000000008000194     0x1104
                0x0000000008000194                . = ALIGN (0x4)
 *(.text)
 .text          0x0000000008000194       0x40 c:/st/stm32cubeide_1.7.0/stm32cubeide/plugins/com.st.stm32cube.ide.mcu.externaltools.gnu-tools-for-stm32.9-2020-q2-update.win32_2.0.0.202105311346/tools/bin/../lib/gcc/arm-none-eabi/9.3.1/thumb/v7e-m+fp/hard/crtbegin.o
 *(.text*)
 .text.DMA_INIT
                0x00000000080001d4       0xb8 ./Core/Src/main.o
                0x00000000080001d4                DMA_INIT
 .text.main     0x000000000800028c       0x8c ./Core/Src/main.o
                0x000000000800028c                main
 .text.SystemInit
                0x0000000008000318       0x24 ./Core/Src/system_stm32f4xx.o
                0x0000000008000318                SystemInit
 .text.Reset_Handler
                0x000000000800033c       0x50 ./Core/Startup/startup_stm32f401ccfx.o
                0x000000000800033c                Reset_Handler
 .text.Default_Handler
                0x000000000800038c        0x2 ./Core/Startup/startup_stm32f401ccfx.o
                0x000000000800038c                RTC_Alarm_IRQHandler
                0x000000000800038c                EXTI2_IRQHandler
                0x000000000800038c                DebugMon_Handler
                0x000000000800038c                SPI4_IRQHandler
                0x000000000800038c                TIM1_CC_IRQHandler
                0x000000000800038c                DMA2_Stream5_IRQHandler
                0x000000000800038c                HardFault_Handler
                0x000000000800038c                DMA1_Stream5_IRQHandler
                0x000000000800038c                SysTick_Handler
                0x000000000800038c                PVD_IRQHandler
                0x000000000800038c                SDIO_IRQHandler
                0x000000000800038c                TAMP_STAMP_IRQHandler
                0x000000000800038c                PendSV_Handler
                0x000000000800038c                NMI_Handler
                0x000000000800038c                EXTI3_IRQHandler
                0x000000000800038c                TIM1_UP_TIM10_IRQHandler
                0x000000000800038c                I2C3_ER_IRQHandler
                0x000000000800038c                EXTI0_IRQHandler
                0x000000000800038c                I2C2_EV_IRQHandler
                0x000000000800038c                DMA1_Stream2_IRQHandler
                0x000000000800038c                FPU_IRQHandler
                0x000000000800038c                UsageFault_Handler
                0x000000000800038c                DMA2_Stream2_IRQHandler
                0x000000000800038c                SPI1_IRQHandler
                0x000000000800038c                TIM1_BRK_TIM9_IRQHandler
                0x000000000800038c                DMA2_Stream3_IRQHandler
                0x000000000800038c                USART6_IRQHandler
                0x000000000800038c                DMA2_Stream0_IRQHandler
                0x000000000800038c                TIM4_IRQHandler
                0x000000000800038c                I2C1_EV_IRQHandler
                0x000000000800038c                DMA1_Stream6_IRQHandler
                0x000000000800038c                DMA1_Stream1_IRQHandler
                0x000000000800038c                TIM3_IRQHandler
                0x000000000800038c                RCC_IRQHandler
                0x000000000800038c                Default_Handler
                0x000000000800038c                EXTI15_10_IRQHandler
                0x000000000800038c                ADC_IRQHandler
                0x000000000800038c                DMA1_Stream7_IRQHandler
                0x000000000800038c                TIM5_IRQHandler
                0x000000000800038c                DMA2_Stream7_IRQHandler
                0x000000000800038c                I2C3_EV_IRQHandler
                0x000000000800038c                EXTI9_5_IRQHandler
                0x000000000800038c                RTC_WKUP_IRQHandler
                0x000000000800038c                SPI2_IRQHandler
                0x000000000800038c                MemManage_Handler
                0x000000000800038c                DMA1_Stream0_IRQHandler
                0x000000000800038c                SVC_Handler
                0x000000000800038c                EXTI4_IRQHandler
                0x000000000800038c                WWDG_IRQHandler
                0x000000000800038c                TIM2_IRQHandler
                0x000000000800038c                OTG_FS_WKUP_IRQHandler
                0x000000000800038c                TIM1_TRG_COM_TIM11_IRQHandler
                0x000000000800038c                EXTI1_IRQHandler
                0x000000000800038c                USART2_IRQHandler
                0x000000000800038c                I2C2_ER_IRQHandler
                0x000000000800038c                DMA2_Stream1_IRQHandler
                0x000000000800038c                FLASH_IRQHandler
                0x000000000800038c                DMA2_Stream4_IRQHandler
                0x000000000800038c                BusFault_Handler
                0x000000000800038c                USART1_IRQHandler
                0x000000000800038c                OTG_FS_IRQHandler
                0x000000000800038c                SPI3_IRQHandler
                0x000000000800038c                DMA1_Stream4_IRQHandler
                0x000000000800038c                I2C1_ER_IRQHandler
                0x000000000800038c                DMA2_Stream6_IRQHandler
                0x000000000800038c                DMA1_Stream3_IRQHandler
 *fill*         0x000000000800038e        0x2 
 .text.DMA_EnableClock
                0x0000000008000390       0x50 ./DMA/DMA.o
                0x0000000008000390                DMA_EnableClock
 .text.DMA_Configuration
                0x00000000080003e0      0xb2c ./DMA/DMA.o
                0x00000000080003e0                DMA_Configuration
 .text.DMA_BeginTransport
                0x0000000008000f0c       0x98 ./DMA/DMA.o
                0x0000000008000f0c                DMA_BeginTransport
 .text.GPIO_EnableClock
                0x0000000008000fa4       0x44 ./GPIO/GPIO.o
                0x0000000008000fa4                GPIO_EnableClock
 .text.GPIO_Init
                0x0000000008000fe8      0x160 ./GPIO/GPIO.o
                0x0000000008000fe8                GPIO_Init
 .text.GPIO_WritePin
                0x0000000008001148       0xf0 ./GPIO/GPIO.o
                0x0000000008001148                GPIO_WritePin
 .text.__libc_init_array
                0x0000000008001238       0x48 c:/st/stm32cubeide_1.7.0/stm32cubeide/plugins/com.st.stm32cube.ide.mcu.externaltools.gnu-tools-for-stm32.9-2020-q2-update.win32_2.0.0.202105311346/tools/bin/../lib/gcc/arm-none-eabi/9.3.1/../../../../arm-none-eabi/lib/thumb/v7e-m+fp/hard\libc_nano.a(lib_a-init.o)
                0x0000000008001238                __libc_init_array
 *(.glue_7)
 .glue_7        0x0000000008001280        0x0 linker stubs
 *(.glue_7t)
 .glue_7t       0x0000000008001280        0x0 linker stubs
 *(.eh_frame)
 .eh_frame      0x0000000008001280        0x0 c:/st/stm32cubeide_1.7.0/stm32cubeide/plugins/com.st.stm32cube.ide.mcu.externaltools.gnu-tools-for-stm32.9-2020-q2-update.win32_2.0.0.202105311346/tools/bin/../lib/gcc/arm-none-eabi/9.3.1/thumb/v7e-m+fp/hard/crtbegin.o
 *(.init)
 .init          0x0000000008001280        0x4 c:/st/stm32cubeide_1.7.0/stm32cubeide/plugins/com.st.stm32cube.ide.mcu.externaltools.gnu-tools-for-stm32.9-2020-q2-update.win32_2.0.0.202105311346/tools/bin/../lib/gcc/arm-none-eabi/9.3.1/thumb/v7e-m+fp/hard/crti.o
                0x0000000008001280                _init
 .init          0x0000000008001284        0x8 c:/st/stm32cubeide_1.7.0/stm32cubeide/plugins/com.st.stm32cube.ide.mcu.externaltools.gnu-tools-for-stm32.9-2020-q2-update.win32_2.0.0.202105311346/tools/bin/../lib/gcc/arm-none-eabi/9.3.1/thumb/v7e-m+fp/hard/crtn.o
 *(.fini)
 .fini          0x000000000800128c        0x4 c:/st/stm32cubeide_1.7.0/stm32cubeide/plugins/com.st.stm32cube.ide.mcu.externaltools.gnu-tools-for-stm32.9-2020-q2-update.win32_2.0.0.202105311346/tools/bin/../lib/gcc/arm-none-eabi/9.3.1/thumb/v7e-m+fp/hard/crti.o
                0x000000000800128c                _fini
 .fini          0x0000000008001290        0x8 c:/st/stm32cubeide_1.7.0/stm32cubeide/plugins/com.st.stm32cube.ide.mcu.externaltools.gnu-tools-for-stm32.9-2020-q2-update.win32_2.0.0.202105311346/tools/bin/../lib/gcc/arm-none-eabi/9.3.1/thumb/v7e-m+fp/hard/crtn.o
                0x0000000008001298                . = ALIGN (0x4)
                0x0000000008001298                _etext = .

.vfp11_veneer   0x0000000008001298        0x0
 .vfp11_veneer  0x0000000008001298        0x0 linker stubs

.v4_bx          0x0000000008001298        0x0
 .v4_bx         0x0000000008001298        0x0 linker stubs

.iplt           0x0000000008001298        0x0
 .iplt          0x0000000008001298        0x0 c:/st/stm32cubeide_1.7.0/stm32cubeide/plugins/com.st.stm32cube.ide.mcu.externaltools.gnu-tools-for-stm32.9-2020-q2-update.win32_2.0.0.202105311346/tools/bin/../lib/gcc/arm-none-eabi/9.3.1/thumb/v7e-m+fp/hard/crtbegin.o

.rel.dyn        0x0000000008001298        0x0
 .rel.iplt      0x0000000008001298        0x0 c:/st/stm32cubeide_1.7.0/stm32cubeide/plugins/com.st.stm32cube.ide.mcu.externaltools.gnu-tools-for-stm32.9-2020-q2-update.win32_2.0.0.202105311346/tools/bin/../lib/gcc/arm-none-eabi/9.3.1/thumb/v7e-m+fp/hard/crtbegin.o

.rodata         0x0000000008001298        0x0
                0x0000000008001298                . = ALIGN (0x4)
 *(.rodata)
 *(.rodata*)
                0x0000000008001298                . = ALIGN (0x4)

.ARM.extab      0x0000000008001298        0x0
                0x0000000008001298                . = ALIGN (0x4)
 *(.ARM.extab* .gnu.linkonce.armextab.*)
                0x0000000008001298                . = ALIGN (0x4)

.ARM            0x0000000008001298        0x0
                0x0000000008001298                . = ALIGN (0x4)
                0x0000000008001298                __exidx_start = .
 *(.ARM.exidx*)
                0x0000000008001298                __exidx_end = .
                0x0000000008001298                . = ALIGN (0x4)

.preinit_array  0x0000000008001298        0x0
                0x0000000008001298                . = ALIGN (0x4)
                0x0000000008001298                PROVIDE (__preinit_array_start = .)
 *(.preinit_array*)
                0x0000000008001298                PROVIDE (__preinit_array_end = .)
                0x0000000008001298                . = ALIGN (0x4)

.init_array     0x0000000008001298        0x4
                0x0000000008001298                . = ALIGN (0x4)
                0x0000000008001298                PROVIDE (__init_array_start = .)
 *(SORT_BY_NAME(.init_array.*))
 *(.init_array*)
 .init_array    0x0000000008001298        0x4 c:/st/stm32cubeide_1.7.0/stm32cubeide/plugins/com.st.stm32cube.ide.mcu.externaltools.gnu-tools-for-stm32.9-2020-q2-update.win32_2.0.0.202105311346/tools/bin/../lib/gcc/arm-none-eabi/9.3.1/thumb/v7e-m+fp/hard/crtbegin.o
                0x000000000800129c                PROVIDE (__init_array_end = .)
                0x000000000800129c                . = ALIGN (0x4)

.fini_array     0x000000000800129c        0x4
                0x000000000800129c                . = ALIGN (0x4)
                [!provide]                        PROVIDE (__fini_array_start = .)
 *(SORT_BY_NAME(.fini_array.*))
 *(.fini_array*)
 .fini_array    0x000000000800129c        0x4 c:/st/stm32cubeide_1.7.0/stm32cubeide/plugins/com.st.stm32cube.ide.mcu.externaltools.gnu-tools-for-stm32.9-2020-q2-update.win32_2.0.0.202105311346/tools/bin/../lib/gcc/arm-none-eabi/9.3.1/thumb/v7e-m+fp/hard/crtbegin.o
                [!provide]                        PROVIDE (__fini_array_end = .)
                0x00000000080012a0                . = ALIGN (0x4)
                0x00000000080012a0                _sidata = LOADADDR (.data)

.data           0x0000000020000000        0x0 load address 0x00000000080012a0
                0x0000000020000000                . = ALIGN (0x4)
                0x0000000020000000                _sdata = .
 *(.data)
 *(.data*)
 *(.RamFunc)
 *(.RamFunc*)
                0x0000000020000000                . = ALIGN (0x4)
                0x0000000020000000                _edata = .

.igot.plt       0x0000000020000000        0x0 load address 0x00000000080012a0
 .igot.plt      0x0000000020000000        0x0 c:/st/stm32cubeide_1.7.0/stm32cubeide/plugins/com.st.stm32cube.ide.mcu.externaltools.gnu-tools-for-stm32.9-2020-q2-update.win32_2.0.0.202105311346/tools/bin/../lib/gcc/arm-none-eabi/9.3.1/thumb/v7e-m+fp/hard/crtbegin.o
                0x0000000020000000                . = ALIGN (0x4)

.bss            0x0000000020000000      0x364 load address 0x00000000080012a0
                0x0000000020000000                _sbss = .
                0x0000000020000000                __bss_start__ = _sbss
 *(.bss)
 .bss           0x0000000020000000       0x1c c:/st/stm32cubeide_1.7.0/stm32cubeide/plugins/com.st.stm32cube.ide.mcu.externaltools.gnu-tools-for-stm32.9-2020-q2-update.win32_2.0.0.202105311346/tools/bin/../lib/gcc/arm-none-eabi/9.3.1/thumb/v7e-m+fp/hard/crtbegin.o
 *(.bss*)
 *(COMMON)
 COMMON         0x000000002000001c      0x348 ./Core/Src/main.o
                0x000000002000001c                DMASTRUCT
                0x0000000020000044                dst
                0x00000000200001d4                src
                0x0000000020000364                . = ALIGN (0x4)
                0x0000000020000364                _ebss = .
                0x0000000020000364                __bss_end__ = _ebss

._user_heap_stack
                0x0000000020000364      0x604 load address 0x00000000080012a0
                0x0000000020000368                . = ALIGN (0x8)
 *fill*         0x0000000020000364        0x4 
                [!provide]                        PROVIDE (end = .)
                [!provide]                        PROVIDE (_end = .)
                0x0000000020000568                . = (. + _Min_Heap_Size)
 *fill*         0x0000000020000368      0x200 
                0x0000000020000968                . = (. + _Min_Stack_Size)
 *fill*         0x0000000020000568      0x400 
                0x0000000020000968                . = ALIGN (0x8)

/DISCARD/
 libc.a(*)
 libm.a(*)
 libgcc.a(*)

.ARM.attributes
                0x0000000000000000       0x30
 *(.ARM.attributes)
 .ARM.attributes
                0x0000000000000000       0x1e c:/st/stm32cubeide_1.7.0/stm32cubeide/plugins/com.st.stm32cube.ide.mcu.externaltools.gnu-tools-for-stm32.9-2020-q2-update.win32_2.0.0.202105311346/tools/bin/../lib/gcc/arm-none-eabi/9.3.1/thumb/v7e-m+fp/hard/crti.o
 .ARM.attributes
                0x000000000000001e       0x34 c:/st/stm32cubeide_1.7.0/stm32cubeide/plugins/com.st.stm32cube.ide.mcu.externaltools.gnu-tools-for-stm32.9-2020-q2-update.win32_2.0.0.202105311346/tools/bin/../lib/gcc/arm-none-eabi/9.3.1/thumb/v7e-m+fp/hard/crtbegin.o
 .ARM.attributes
                0x0000000000000052       0x34 ./Core/Src/main.o
 .ARM.attributes
                0x0000000000000086       0x34 ./Core/Src/system_stm32f4xx.o
 .ARM.attributes
                0x00000000000000ba       0x21 ./Core/Startup/startup_stm32f401ccfx.o
 .ARM.attributes
                0x00000000000000db       0x34 ./DMA/DMA.o
 .ARM.attributes
                0x000000000000010f       0x34 ./GPIO/GPIO.o
 .ARM.attributes
                0x0000000000000143       0x34 c:/st/stm32cubeide_1.7.0/stm32cubeide/plugins/com.st.stm32cube.ide.mcu.externaltools.gnu-tools-for-stm32.9-2020-q2-update.win32_2.0.0.202105311346/tools/bin/../lib/gcc/arm-none-eabi/9.3.1/../../../../arm-none-eabi/lib/thumb/v7e-m+fp/hard\libc_nano.a(lib_a-init.o)
 .ARM.attributes
                0x0000000000000177       0x1e c:/st/stm32cubeide_1.7.0/stm32cubeide/plugins/com.st.stm32cube.ide.mcu.externaltools.gnu-tools-for-stm32.9-2020-q2-update.win32_2.0.0.202105311346/tools/bin/../lib/gcc/arm-none-eabi/9.3.1/thumb/v7e-m+fp/hard/crtn.o
OUTPUT(Lab 4.elf elf32-littlearm)
LOAD linker stubs
LOAD c:/st/stm32cubeide_1.7.0/stm32cubeide/plugins/com.st.stm32cube.ide.mcu.externaltools.gnu-tools-for-stm32.9-2020-q2-update.win32_2.0.0.202105311346/tools/bin/../lib/gcc/arm-none-eabi/9.3.1/../../../../arm-none-eabi/lib/thumb/v7e-m+fp/hard\libc.a
LOAD c:/st/stm32cubeide_1.7.0/stm32cubeide/plugins/com.st.stm32cube.ide.mcu.externaltools.gnu-tools-for-stm32.9-2020-q2-update.win32_2.0.0.202105311346/tools/bin/../lib/gcc/arm-none-eabi/9.3.1/../../../../arm-none-eabi/lib/thumb/v7e-m+fp/hard\libm.a
LOAD c:/st/stm32cubeide_1.7.0/stm32cubeide/plugins/com.st.stm32cube.ide.mcu.externaltools.gnu-tools-for-stm32.9-2020-q2-update.win32_2.0.0.202105311346/tools/bin/../lib/gcc/arm-none-eabi/9.3.1/thumb/v7e-m+fp/hard\libgcc.a

.debug_info     0x0000000000000000     0x186f
 .debug_info    0x0000000000000000      0x5e1 ./Core/Src/main.o
 .debug_info    0x00000000000005e1      0x572 ./Core/Src/system_stm32f4xx.o
 .debug_info    0x0000000000000b53       0x22 ./Core/Startup/startup_stm32f401ccfx.o
 .debug_info    0x0000000000000b75      0x81b ./DMA/DMA.o
 .debug_info    0x0000000000001390      0x4df ./GPIO/GPIO.o

.debug_abbrev   0x0000000000000000      0x543
 .debug_abbrev  0x0000000000000000      0x157 ./Core/Src/main.o
 .debug_abbrev  0x0000000000000157      0x129 ./Core/Src/system_stm32f4xx.o
 .debug_abbrev  0x0000000000000280       0x12 ./Core/Startup/startup_stm32f401ccfx.o
 .debug_abbrev  0x0000000000000292      0x179 ./DMA/DMA.o
 .debug_abbrev  0x000000000000040b      0x138 ./GPIO/GPIO.o

.debug_aranges  0x0000000000000000       0xe0
 .debug_aranges
                0x0000000000000000       0x28 ./Core/Src/main.o
 .debug_aranges
                0x0000000000000028       0x28 ./Core/Src/system_stm32f4xx.o
 .debug_aranges
                0x0000000000000050       0x28 ./Core/Startup/startup_stm32f401ccfx.o
 .debug_aranges
                0x0000000000000078       0x30 ./DMA/DMA.o
 .debug_aranges
                0x00000000000000a8       0x38 ./GPIO/GPIO.o

.debug_ranges   0x0000000000000000       0x98
 .debug_ranges  0x0000000000000000       0x18 ./Core/Src/main.o
 .debug_ranges  0x0000000000000018       0x18 ./Core/Src/system_stm32f4xx.o
 .debug_ranges  0x0000000000000030       0x20 ./Core/Startup/startup_stm32f401ccfx.o
 .debug_ranges  0x0000000000000050       0x20 ./DMA/DMA.o
 .debug_ranges  0x0000000000000070       0x28 ./GPIO/GPIO.o

.debug_macro    0x0000000000000000     0xd603
 .debug_macro   0x0000000000000000       0xe0 ./Core/Src/main.o
 .debug_macro   0x00000000000000e0       0x28 ./Core/Src/main.o
 .debug_macro   0x0000000000000108       0x22 ./Core/Src/main.o
 .debug_macro   0x000000000000012a       0x8e ./Core/Src/main.o
 .debug_macro   0x00000000000001b8       0x51 ./Core/Src/main.o
 .debug_macro   0x0000000000000209      0x103 ./Core/Src/main.o
 .debug_macro   0x000000000000030c       0x6a ./Core/Src/main.o
 .debug_macro   0x0000000000000376      0x1df ./Core/Src/main.o
 .debug_macro   0x0000000000000555       0x1c ./Core/Src/main.o
 .debug_macro   0x0000000000000571       0x22 ./Core/Src/main.o
 .debug_macro   0x0000000000000593       0xdf ./Core/Src/main.o
 .debug_macro   0x0000000000000672     0x102d ./Core/Src/main.o
 .debug_macro   0x000000000000169f      0x11f ./Core/Src/main.o
 .debug_macro   0x00000000000017be     0xb86c ./Core/Src/main.o
 .debug_macro   0x000000000000d02a       0x46 ./Core/Src/main.o
 .debug_macro   0x000000000000d070      0x136 ./Core/Src/main.o
 .debug_macro   0x000000000000d1a6       0x94 ./Core/Src/main.o
 .debug_macro   0x000000000000d23a       0xda ./Core/Src/system_stm32f4xx.o
 .debug_macro   0x000000000000d314       0x2e ./Core/Src/system_stm32f4xx.o
 .debug_macro   0x000000000000d342       0x6d ./Core/Src/system_stm32f4xx.o
 .debug_macro   0x000000000000d3af       0xd7 ./DMA/DMA.o
 .debug_macro   0x000000000000d486       0x8e ./DMA/DMA.o
 .debug_macro   0x000000000000d514       0xef ./GPIO/GPIO.o

.debug_line     0x0000000000000000     0x16b3
 .debug_line    0x0000000000000000      0x50c ./Core/Src/main.o
 .debug_line    0x000000000000050c      0x4f2 ./Core/Src/system_stm32f4xx.o
 .debug_line    0x00000000000009fe       0x88 ./Core/Startup/startup_stm32f401ccfx.o
 .debug_line    0x0000000000000a86      0x611 ./DMA/DMA.o
 .debug_line    0x0000000000001097      0x61c ./GPIO/GPIO.o

.debug_str      0x0000000000000000    0x50400
 .debug_str     0x0000000000000000    0x4f91c ./Core/Src/main.o
                                      0x4faa4 (size before relaxing)
 .debug_str     0x000000000004f91c      0x920 ./Core/Src/system_stm32f4xx.o
                                      0x4f6c9 (size before relaxing)
 .debug_str     0x000000000005023c       0x36 ./Core/Startup/startup_stm32f401ccfx.o
                                         0x61 (size before relaxing)
 .debug_str     0x0000000000050272       0x7d ./DMA/DMA.o
                                      0x4fab5 (size before relaxing)
 .debug_str     0x00000000000502ef      0x111 ./GPIO/GPIO.o
                                      0x4f642 (size before relaxing)

.comment        0x0000000000000000       0x53
 .comment       0x0000000000000000       0x53 ./Core/Src/main.o
                                         0x54 (size before relaxing)
 .comment       0x0000000000000053       0x54 ./Core/Src/system_stm32f4xx.o
 .comment       0x0000000000000053       0x54 ./DMA/DMA.o
 .comment       0x0000000000000053       0x54 ./GPIO/GPIO.o

.debug_frame    0x0000000000000000      0x230
 .debug_frame   0x0000000000000000       0x60 ./Core/Src/main.o
 .debug_frame   0x0000000000000060       0x58 ./Core/Src/system_stm32f4xx.o
 .debug_frame   0x00000000000000b8       0x98 ./DMA/DMA.o
 .debug_frame   0x0000000000000150       0xb4 ./GPIO/GPIO.o
 .debug_frame   0x0000000000000204       0x2c c:/st/stm32cubeide_1.7.0/stm32cubeide/plugins/com.st.stm32cube.ide.mcu.externaltools.gnu-tools-for-stm32.9-2020-q2-update.win32_2.0.0.202105311346/tools/bin/../lib/gcc/arm-none-eabi/9.3.1/../../../../arm-none-eabi/lib/thumb/v7e-m+fp/hard\libc_nano.a(lib_a-init.o)
