Archive member included to satisfy reference by file (symbol)

c:/st/stm32cubeide_1.7.0/stm32cubeide/plugins/com.st.stm32cube.ide.mcu.externaltools.gnu-tools-for-stm32.9-2020-q2-update.win32_2.0.0.202105311346/tools/bin/../lib/gcc/arm-none-eabi/9.3.1/../../../../arm-none-eabi/lib/thumb/v7e-m+fp/hard\libc_nano.a(lib_a-exit.o)
                              c:/st/stm32cubeide_1.7.0/stm32cubeide/plugins/com.st.stm32cube.ide.mcu.externaltools.gnu-tools-for-stm32.9-2020-q2-update.win32_2.0.0.202105311346/tools/bin/../lib/gcc/arm-none-eabi/9.3.1/../../../../arm-none-eabi/lib/thumb/v7e-m+fp/hard/crt0.o (exit)
c:/st/stm32cubeide_1.7.0/stm32cubeide/plugins/com.st.stm32cube.ide.mcu.externaltools.gnu-tools-for-stm32.9-2020-q2-update.win32_2.0.0.202105311346/tools/bin/../lib/gcc/arm-none-eabi/9.3.1/../../../../arm-none-eabi/lib/thumb/v7e-m+fp/hard\libc_nano.a(lib_a-impure.o)
                              c:/st/stm32cubeide_1.7.0/stm32cubeide/plugins/com.st.stm32cube.ide.mcu.externaltools.gnu-tools-for-stm32.9-2020-q2-update.win32_2.0.0.202105311346/tools/bin/../lib/gcc/arm-none-eabi/9.3.1/../../../../arm-none-eabi/lib/thumb/v7e-m+fp/hard\libc_nano.a(lib_a-exit.o) (_global_impure_ptr)
c:/st/stm32cubeide_1.7.0/stm32cubeide/plugins/com.st.stm32cube.ide.mcu.externaltools.gnu-tools-for-stm32.9-2020-q2-update.win32_2.0.0.202105311346/tools/bin/../lib/gcc/arm-none-eabi/9.3.1/../../../../arm-none-eabi/lib/thumb/v7e-m+fp/hard\libc_nano.a(lib_a-init.o)
                              c:/st/stm32cubeide_1.7.0/stm32cubeide/plugins/com.st.stm32cube.ide.mcu.externaltools.gnu-tools-for-stm32.9-2020-q2-update.win32_2.0.0.202105311346/tools/bin/../lib/gcc/arm-none-eabi/9.3.1/../../../../arm-none-eabi/lib/thumb/v7e-m+fp/hard/crt0.o (__libc_init_array)
c:/st/stm32cubeide_1.7.0/stm32cubeide/plugins/com.st.stm32cube.ide.mcu.externaltools.gnu-tools-for-stm32.9-2020-q2-update.win32_2.0.0.202105311346/tools/bin/../lib/gcc/arm-none-eabi/9.3.1/../../../../arm-none-eabi/lib/thumb/v7e-m+fp/hard\libc_nano.a(lib_a-memset.o)
                              c:/st/stm32cubeide_1.7.0/stm32cubeide/plugins/com.st.stm32cube.ide.mcu.externaltools.gnu-tools-for-stm32.9-2020-q2-update.win32_2.0.0.202105311346/tools/bin/../lib/gcc/arm-none-eabi/9.3.1/../../../../arm-none-eabi/lib/thumb/v7e-m+fp/hard/crt0.o (memset)
c:/st/stm32cubeide_1.7.0/stm32cubeide/plugins/com.st.stm32cube.ide.mcu.externaltools.gnu-tools-for-stm32.9-2020-q2-update.win32_2.0.0.202105311346/tools/bin/../lib/gcc/arm-none-eabi/9.3.1/../../../../arm-none-eabi/lib/thumb/v7e-m+fp/hard\libnosys.a(_exit.o)
                              c:/st/stm32cubeide_1.7.0/stm32cubeide/plugins/com.st.stm32cube.ide.mcu.externaltools.gnu-tools-for-stm32.9-2020-q2-update.win32_2.0.0.202105311346/tools/bin/../lib/gcc/arm-none-eabi/9.3.1/../../../../arm-none-eabi/lib/thumb/v7e-m+fp/hard\libc_nano.a(lib_a-exit.o) (_exit)

Allocating common symbols
Common symbol       size              file

Start_pin           0x1               ./Core/Src/_7Segment.o
TheNewer_TheKeyReturened
                    0x4               ./Core/Src/main.o
TheKeyReturened     0x1               ./Core/Src/KEYPAD_program.o
The_port            0x1               ./Core/Src/_7Segment.o
End_pin             0x1               ./Core/Src/_7Segment.o

Discarded input sections

 .text          0x0000000000000000        0x0 c:/st/stm32cubeide_1.7.0/stm32cubeide/plugins/com.st.stm32cube.ide.mcu.externaltools.gnu-tools-for-stm32.9-2020-q2-update.win32_2.0.0.202105311346/tools/bin/../lib/gcc/arm-none-eabi/9.3.1/thumb/v7e-m+fp/hard/crti.o
 .data          0x0000000000000000        0x0 c:/st/stm32cubeide_1.7.0/stm32cubeide/plugins/com.st.stm32cube.ide.mcu.externaltools.gnu-tools-for-stm32.9-2020-q2-update.win32_2.0.0.202105311346/tools/bin/../lib/gcc/arm-none-eabi/9.3.1/thumb/v7e-m+fp/hard/crti.o
 .bss           0x0000000000000000        0x0 c:/st/stm32cubeide_1.7.0/stm32cubeide/plugins/com.st.stm32cube.ide.mcu.externaltools.gnu-tools-for-stm32.9-2020-q2-update.win32_2.0.0.202105311346/tools/bin/../lib/gcc/arm-none-eabi/9.3.1/thumb/v7e-m+fp/hard/crti.o
 .data          0x0000000000000000        0x4 c:/st/stm32cubeide_1.7.0/stm32cubeide/plugins/com.st.stm32cube.ide.mcu.externaltools.gnu-tools-for-stm32.9-2020-q2-update.win32_2.0.0.202105311346/tools/bin/../lib/gcc/arm-none-eabi/9.3.1/thumb/v7e-m+fp/hard/crtbegin.o
 .text          0x0000000000000000       0x7c c:/st/stm32cubeide_1.7.0/stm32cubeide/plugins/com.st.stm32cube.ide.mcu.externaltools.gnu-tools-for-stm32.9-2020-q2-update.win32_2.0.0.202105311346/tools/bin/../lib/gcc/arm-none-eabi/9.3.1/../../../../arm-none-eabi/lib/thumb/v7e-m+fp/hard/crt0.o
 .data          0x0000000000000000        0x0 c:/st/stm32cubeide_1.7.0/stm32cubeide/plugins/com.st.stm32cube.ide.mcu.externaltools.gnu-tools-for-stm32.9-2020-q2-update.win32_2.0.0.202105311346/tools/bin/../lib/gcc/arm-none-eabi/9.3.1/../../../../arm-none-eabi/lib/thumb/v7e-m+fp/hard/crt0.o
 .bss           0x0000000000000000        0x0 c:/st/stm32cubeide_1.7.0/stm32cubeide/plugins/com.st.stm32cube.ide.mcu.externaltools.gnu-tools-for-stm32.9-2020-q2-update.win32_2.0.0.202105311346/tools/bin/../lib/gcc/arm-none-eabi/9.3.1/../../../../arm-none-eabi/lib/thumb/v7e-m+fp/hard/crt0.o
 .ARM.extab     0x0000000000000000        0x0 c:/st/stm32cubeide_1.7.0/stm32cubeide/plugins/com.st.stm32cube.ide.mcu.externaltools.gnu-tools-for-stm32.9-2020-q2-update.win32_2.0.0.202105311346/tools/bin/../lib/gcc/arm-none-eabi/9.3.1/../../../../arm-none-eabi/lib/thumb/v7e-m+fp/hard/crt0.o
 .ARM.exidx     0x0000000000000000       0x10 c:/st/stm32cubeide_1.7.0/stm32cubeide/plugins/com.st.stm32cube.ide.mcu.externaltools.gnu-tools-for-stm32.9-2020-q2-update.win32_2.0.0.202105311346/tools/bin/../lib/gcc/arm-none-eabi/9.3.1/../../../../arm-none-eabi/lib/thumb/v7e-m+fp/hard/crt0.o
 .ARM.attributes
                0x0000000000000000       0x1c c:/st/stm32cubeide_1.7.0/stm32cubeide/plugins/com.st.stm32cube.ide.mcu.externaltools.gnu-tools-for-stm32.9-2020-q2-update.win32_2.0.0.202105311346/tools/bin/../lib/gcc/arm-none-eabi/9.3.1/../../../../arm-none-eabi/lib/thumb/v7e-m+fp/hard/crt0.o
 .group         0x0000000000000000        0xc ./Core/Src/KEYPAD_program.o
 .group         0x0000000000000000        0xc ./Core/Src/KEYPAD_program.o
 .group         0x0000000000000000        0xc ./Core/Src/KEYPAD_program.o
 .text          0x0000000000000000        0x0 ./Core/Src/KEYPAD_program.o
 .data          0x0000000000000000        0x0 ./Core/Src/KEYPAD_program.o
 .bss           0x0000000000000000        0x0 ./Core/Src/KEYPAD_program.o
 .bss.PressedKey
                0x0000000000000000        0x1 ./Core/Src/KEYPAD_program.o
 .group         0x0000000000000000        0xc ./Core/Src/_7Segment.o
 .group         0x0000000000000000        0xc ./Core/Src/_7Segment.o
 .text          0x0000000000000000        0x0 ./Core/Src/_7Segment.o
 .data          0x0000000000000000        0x0 ./Core/Src/_7Segment.o
 .bss           0x0000000000000000        0x0 ./Core/Src/_7Segment.o
 .text.Segment_TurnOff
                0x0000000000000000       0x44 ./Core/Src/_7Segment.o
 .debug_macro   0x0000000000000000      0xaa8 ./Core/Src/_7Segment.o
 .debug_macro   0x0000000000000000       0x64 ./Core/Src/_7Segment.o
 .group         0x0000000000000000        0xc ./Core/Src/main.o
 .group         0x0000000000000000        0xc ./Core/Src/main.o
 .group         0x0000000000000000        0xc ./Core/Src/main.o
 .group         0x0000000000000000        0xc ./Core/Src/main.o
 .group         0x0000000000000000        0xc ./Core/Src/main.o
 .group         0x0000000000000000        0xc ./Core/Src/main.o
 .group         0x0000000000000000        0xc ./Core/Src/main.o
 .group         0x0000000000000000        0xc ./Core/Src/main.o
 .group         0x0000000000000000        0xc ./Core/Src/main.o
 .group         0x0000000000000000        0xc ./Core/Src/main.o
 .group         0x0000000000000000        0xc ./Core/Src/main.o
 .group         0x0000000000000000        0xc ./Core/Src/main.o
 .group         0x0000000000000000        0xc ./Core/Src/main.o
 .group         0x0000000000000000        0xc ./Core/Src/main.o
 .group         0x0000000000000000        0xc ./Core/Src/main.o
 .group         0x0000000000000000        0xc ./Core/Src/main.o
 .text          0x0000000000000000        0x0 ./Core/Src/main.o
 .data          0x0000000000000000        0x0 ./Core/Src/main.o
 .bss           0x0000000000000000        0x0 ./Core/Src/main.o
 .debug_macro   0x0000000000000000      0xaa8 ./Core/Src/main.o
 .debug_macro   0x0000000000000000       0x64 ./Core/Src/main.o
 .group         0x0000000000000000        0xc ./Core/Src/system_stm32f4xx.o
 .group         0x0000000000000000        0xc ./Core/Src/system_stm32f4xx.o
 .group         0x0000000000000000        0xc ./Core/Src/system_stm32f4xx.o
 .group         0x0000000000000000        0xc ./Core/Src/system_stm32f4xx.o
 .group         0x0000000000000000        0xc ./Core/Src/system_stm32f4xx.o
 .group         0x0000000000000000        0xc ./Core/Src/system_stm32f4xx.o
 .group         0x0000000000000000        0xc ./Core/Src/system_stm32f4xx.o
 .group         0x0000000000000000        0xc ./Core/Src/system_stm32f4xx.o
 .group         0x0000000000000000        0xc ./Core/Src/system_stm32f4xx.o
 .group         0x0000000000000000        0xc ./Core/Src/system_stm32f4xx.o
 .group         0x0000000000000000        0xc ./Core/Src/system_stm32f4xx.o
 .group         0x0000000000000000        0xc ./Core/Src/system_stm32f4xx.o
 .group         0x0000000000000000        0xc ./Core/Src/system_stm32f4xx.o
 .group         0x0000000000000000        0xc ./Core/Src/system_stm32f4xx.o
 .group         0x0000000000000000        0xc ./Core/Src/system_stm32f4xx.o
 .group         0x0000000000000000        0xc ./Core/Src/system_stm32f4xx.o
 .text          0x0000000000000000        0x0 ./Core/Src/system_stm32f4xx.o
 .data          0x0000000000000000        0x0 ./Core/Src/system_stm32f4xx.o
 .bss           0x0000000000000000        0x0 ./Core/Src/system_stm32f4xx.o
 .data.SystemCoreClock
                0x0000000000000000        0x4 ./Core/Src/system_stm32f4xx.o
 .rodata.AHBPrescTable
                0x0000000000000000       0x10 ./Core/Src/system_stm32f4xx.o
 .rodata.APBPrescTable
                0x0000000000000000        0x8 ./Core/Src/system_stm32f4xx.o
 .text.SystemCoreClockUpdate
                0x0000000000000000      0x100 ./Core/Src/system_stm32f4xx.o
 .debug_macro   0x0000000000000000      0xaa8 ./Core/Src/system_stm32f4xx.o
 .debug_macro   0x0000000000000000       0x28 ./Core/Src/system_stm32f4xx.o
 .debug_macro   0x0000000000000000       0x22 ./Core/Src/system_stm32f4xx.o
 .debug_macro   0x0000000000000000       0x8e ./Core/Src/system_stm32f4xx.o
 .debug_macro   0x0000000000000000       0x51 ./Core/Src/system_stm32f4xx.o
 .debug_macro   0x0000000000000000      0x103 ./Core/Src/system_stm32f4xx.o
 .debug_macro   0x0000000000000000       0x6a ./Core/Src/system_stm32f4xx.o
 .debug_macro   0x0000000000000000      0x1df ./Core/Src/system_stm32f4xx.o
 .debug_macro   0x0000000000000000       0x1c ./Core/Src/system_stm32f4xx.o
 .debug_macro   0x0000000000000000       0x22 ./Core/Src/system_stm32f4xx.o
 .debug_macro   0x0000000000000000       0xdf ./Core/Src/system_stm32f4xx.o
 .debug_macro   0x0000000000000000     0x102d ./Core/Src/system_stm32f4xx.o
 .debug_macro   0x0000000000000000      0x11f ./Core/Src/system_stm32f4xx.o
 .debug_macro   0x0000000000000000     0xb86c ./Core/Src/system_stm32f4xx.o
 .text          0x0000000000000000       0x14 ./Core/Startup/startup_stm32f401ccfx.o
 .data          0x0000000000000000        0x0 ./Core/Startup/startup_stm32f401ccfx.o
 .bss           0x0000000000000000        0x0 ./Core/Startup/startup_stm32f401ccfx.o
 .group         0x0000000000000000        0xc ./GPIO/GPIO.o
 .group         0x0000000000000000        0xc ./GPIO/GPIO.o
 .group         0x0000000000000000        0xc ./GPIO/GPIO.o
 .group         0x0000000000000000        0xc ./GPIO/GPIO.o
 .group         0x0000000000000000        0xc ./GPIO/GPIO.o
 .group         0x0000000000000000        0xc ./GPIO/GPIO.o
 .group         0x0000000000000000        0xc ./GPIO/GPIO.o
 .group         0x0000000000000000        0xc ./GPIO/GPIO.o
 .group         0x0000000000000000        0xc ./GPIO/GPIO.o
 .group         0x0000000000000000        0xc ./GPIO/GPIO.o
 .group         0x0000000000000000        0xc ./GPIO/GPIO.o
 .group         0x0000000000000000        0xc ./GPIO/GPIO.o
 .group         0x0000000000000000        0xc ./GPIO/GPIO.o
 .group         0x0000000000000000        0xc ./GPIO/GPIO.o
 .group         0x0000000000000000        0xc ./GPIO/GPIO.o
 .group         0x0000000000000000        0xc ./GPIO/GPIO.o
 .text          0x0000000000000000        0x0 ./GPIO/GPIO.o
 .data          0x0000000000000000        0x0 ./GPIO/GPIO.o
 .bss           0x0000000000000000        0x0 ./GPIO/GPIO.o
 .debug_macro   0x0000000000000000      0xaa8 ./GPIO/GPIO.o
 .debug_macro   0x0000000000000000       0x64 ./GPIO/GPIO.o
 .debug_macro   0x0000000000000000       0x28 ./GPIO/GPIO.o
 .debug_macro   0x0000000000000000       0x22 ./GPIO/GPIO.o
 .debug_macro   0x0000000000000000       0x8e ./GPIO/GPIO.o
 .debug_macro   0x0000000000000000       0x51 ./GPIO/GPIO.o
 .debug_macro   0x0000000000000000      0x103 ./GPIO/GPIO.o
 .debug_macro   0x0000000000000000       0x6a ./GPIO/GPIO.o
 .debug_macro   0x0000000000000000      0x1df ./GPIO/GPIO.o
 .debug_macro   0x0000000000000000       0x1c ./GPIO/GPIO.o
 .debug_macro   0x0000000000000000       0x22 ./GPIO/GPIO.o
 .debug_macro   0x0000000000000000       0xdf ./GPIO/GPIO.o
 .debug_macro   0x0000000000000000     0x102d ./GPIO/GPIO.o
 .debug_macro   0x0000000000000000      0x11f ./GPIO/GPIO.o
 .debug_macro   0x0000000000000000     0xb86c ./GPIO/GPIO.o
 .group         0x0000000000000000        0xc ./test/test.o
 .text          0x0000000000000000        0x0 ./test/test.o
 .data          0x0000000000000000        0x0 ./test/test.o
 .bss           0x0000000000000000        0x0 ./test/test.o
 .debug_info    0x0000000000000000       0x21 ./test/test.o
 .debug_abbrev  0x0000000000000000       0x13 ./test/test.o
 .debug_aranges
                0x0000000000000000       0x18 ./test/test.o
 .debug_macro   0x0000000000000000       0x11 ./test/test.o
 .debug_macro   0x0000000000000000      0xaa8 ./test/test.o
 .debug_line    0x0000000000000000       0x2f ./test/test.o
 .debug_str     0x0000000000000000     0x2d9e ./test/test.o
 .comment       0x0000000000000000       0x54 ./test/test.o
 .ARM.attributes
                0x0000000000000000       0x39 ./test/test.o
 .text          0x0000000000000000        0x0 c:/st/stm32cubeide_1.7.0/stm32cubeide/plugins/com.st.stm32cube.ide.mcu.externaltools.gnu-tools-for-stm32.9-2020-q2-update.win32_2.0.0.202105311346/tools/bin/../lib/gcc/arm-none-eabi/9.3.1/../../../../arm-none-eabi/lib/thumb/v7e-m+fp/hard\libc_nano.a(lib_a-exit.o)
 .data          0x0000000000000000        0x0 c:/st/stm32cubeide_1.7.0/stm32cubeide/plugins/com.st.stm32cube.ide.mcu.externaltools.gnu-tools-for-stm32.9-2020-q2-update.win32_2.0.0.202105311346/tools/bin/../lib/gcc/arm-none-eabi/9.3.1/../../../../arm-none-eabi/lib/thumb/v7e-m+fp/hard\libc_nano.a(lib_a-exit.o)
 .bss           0x0000000000000000        0x0 c:/st/stm32cubeide_1.7.0/stm32cubeide/plugins/com.st.stm32cube.ide.mcu.externaltools.gnu-tools-for-stm32.9-2020-q2-update.win32_2.0.0.202105311346/tools/bin/../lib/gcc/arm-none-eabi/9.3.1/../../../../arm-none-eabi/lib/thumb/v7e-m+fp/hard\libc_nano.a(lib_a-exit.o)
 .text.exit     0x0000000000000000       0x28 c:/st/stm32cubeide_1.7.0/stm32cubeide/plugins/com.st.stm32cube.ide.mcu.externaltools.gnu-tools-for-stm32.9-2020-q2-update.win32_2.0.0.202105311346/tools/bin/../lib/gcc/arm-none-eabi/9.3.1/../../../../arm-none-eabi/lib/thumb/v7e-m+fp/hard\libc_nano.a(lib_a-exit.o)
 .debug_frame   0x0000000000000000       0x28 c:/st/stm32cubeide_1.7.0/stm32cubeide/plugins/com.st.stm32cube.ide.mcu.externaltools.gnu-tools-for-stm32.9-2020-q2-update.win32_2.0.0.202105311346/tools/bin/../lib/gcc/arm-none-eabi/9.3.1/../../../../arm-none-eabi/lib/thumb/v7e-m+fp/hard\libc_nano.a(lib_a-exit.o)
 .ARM.attributes
                0x0000000000000000       0x34 c:/st/stm32cubeide_1.7.0/stm32cubeide/plugins/com.st.stm32cube.ide.mcu.externaltools.gnu-tools-for-stm32.9-2020-q2-update.win32_2.0.0.202105311346/tools/bin/../lib/gcc/arm-none-eabi/9.3.1/../../../../arm-none-eabi/lib/thumb/v7e-m+fp/hard\libc_nano.a(lib_a-exit.o)
 .text          0x0000000000000000        0x0 c:/st/stm32cubeide_1.7.0/stm32cubeide/plugins/com.st.stm32cube.ide.mcu.externaltools.gnu-tools-for-stm32.9-2020-q2-update.win32_2.0.0.202105311346/tools/bin/../lib/gcc/arm-none-eabi/9.3.1/../../../../arm-none-eabi/lib/thumb/v7e-m+fp/hard\libc_nano.a(lib_a-impure.o)
 .data          0x0000000000000000        0x0 c:/st/stm32cubeide_1.7.0/stm32cubeide/plugins/com.st.stm32cube.ide.mcu.externaltools.gnu-tools-for-stm32.9-2020-q2-update.win32_2.0.0.202105311346/tools/bin/../lib/gcc/arm-none-eabi/9.3.1/../../../../arm-none-eabi/lib/thumb/v7e-m+fp/hard\libc_nano.a(lib_a-impure.o)
 .bss           0x0000000000000000        0x0 c:/st/stm32cubeide_1.7.0/stm32cubeide/plugins/com.st.stm32cube.ide.mcu.externaltools.gnu-tools-for-stm32.9-2020-q2-update.win32_2.0.0.202105311346/tools/bin/../lib/gcc/arm-none-eabi/9.3.1/../../../../arm-none-eabi/lib/thumb/v7e-m+fp/hard\libc_nano.a(lib_a-impure.o)
 .data._impure_ptr
                0x0000000000000000        0x4 c:/st/stm32cubeide_1.7.0/stm32cubeide/plugins/com.st.stm32cube.ide.mcu.externaltools.gnu-tools-for-stm32.9-2020-q2-update.win32_2.0.0.202105311346/tools/bin/../lib/gcc/arm-none-eabi/9.3.1/../../../../arm-none-eabi/lib/thumb/v7e-m+fp/hard\libc_nano.a(lib_a-impure.o)
 .data.impure_data
                0x0000000000000000       0x60 c:/st/stm32cubeide_1.7.0/stm32cubeide/plugins/com.st.stm32cube.ide.mcu.externaltools.gnu-tools-for-stm32.9-2020-q2-update.win32_2.0.0.202105311346/tools/bin/../lib/gcc/arm-none-eabi/9.3.1/../../../../arm-none-eabi/lib/thumb/v7e-m+fp/hard\libc_nano.a(lib_a-impure.o)
 .rodata._global_impure_ptr
                0x0000000000000000        0x4 c:/st/stm32cubeide_1.7.0/stm32cubeide/plugins/com.st.stm32cube.ide.mcu.externaltools.gnu-tools-for-stm32.9-2020-q2-update.win32_2.0.0.202105311346/tools/bin/../lib/gcc/arm-none-eabi/9.3.1/../../../../arm-none-eabi/lib/thumb/v7e-m+fp/hard\libc_nano.a(lib_a-impure.o)
 .ARM.attributes
                0x0000000000000000       0x32 c:/st/stm32cubeide_1.7.0/stm32cubeide/plugins/com.st.stm32cube.ide.mcu.externaltools.gnu-tools-for-stm32.9-2020-q2-update.win32_2.0.0.202105311346/tools/bin/../lib/gcc/arm-none-eabi/9.3.1/../../../../arm-none-eabi/lib/thumb/v7e-m+fp/hard\libc_nano.a(lib_a-impure.o)
 .text          0x0000000000000000        0x0 c:/st/stm32cubeide_1.7.0/stm32cubeide/plugins/com.st.stm32cube.ide.mcu.externaltools.gnu-tools-for-stm32.9-2020-q2-update.win32_2.0.0.202105311346/tools/bin/../lib/gcc/arm-none-eabi/9.3.1/../../../../arm-none-eabi/lib/thumb/v7e-m+fp/hard\libc_nano.a(lib_a-init.o)
 .data          0x0000000000000000        0x0 c:/st/stm32cubeide_1.7.0/stm32cubeide/plugins/com.st.stm32cube.ide.mcu.externaltools.gnu-tools-for-stm32.9-2020-q2-update.win32_2.0.0.202105311346/tools/bin/../lib/gcc/arm-none-eabi/9.3.1/../../../../arm-none-eabi/lib/thumb/v7e-m+fp/hard\libc_nano.a(lib_a-init.o)
 .bss           0x0000000000000000        0x0 c:/st/stm32cubeide_1.7.0/stm32cubeide/plugins/com.st.stm32cube.ide.mcu.externaltools.gnu-tools-for-stm32.9-2020-q2-update.win32_2.0.0.202105311346/tools/bin/../lib/gcc/arm-none-eabi/9.3.1/../../../../arm-none-eabi/lib/thumb/v7e-m+fp/hard\libc_nano.a(lib_a-init.o)
 .text          0x0000000000000000        0x0 c:/st/stm32cubeide_1.7.0/stm32cubeide/plugins/com.st.stm32cube.ide.mcu.externaltools.gnu-tools-for-stm32.9-2020-q2-update.win32_2.0.0.202105311346/tools/bin/../lib/gcc/arm-none-eabi/9.3.1/../../../../arm-none-eabi/lib/thumb/v7e-m+fp/hard\libc_nano.a(lib_a-memset.o)
 .data          0x0000000000000000        0x0 c:/st/stm32cubeide_1.7.0/stm32cubeide/plugins/com.st.stm32cube.ide.mcu.externaltools.gnu-tools-for-stm32.9-2020-q2-update.win32_2.0.0.202105311346/tools/bin/../lib/gcc/arm-none-eabi/9.3.1/../../../../arm-none-eabi/lib/thumb/v7e-m+fp/hard\libc_nano.a(lib_a-memset.o)
 .bss           0x0000000000000000        0x0 c:/st/stm32cubeide_1.7.0/stm32cubeide/plugins/com.st.stm32cube.ide.mcu.externaltools.gnu-tools-for-stm32.9-2020-q2-update.win32_2.0.0.202105311346/tools/bin/../lib/gcc/arm-none-eabi/9.3.1/../../../../arm-none-eabi/lib/thumb/v7e-m+fp/hard\libc_nano.a(lib_a-memset.o)
 .text.memset   0x0000000000000000       0x10 c:/st/stm32cubeide_1.7.0/stm32cubeide/plugins/com.st.stm32cube.ide.mcu.externaltools.gnu-tools-for-stm32.9-2020-q2-update.win32_2.0.0.202105311346/tools/bin/../lib/gcc/arm-none-eabi/9.3.1/../../../../arm-none-eabi/lib/thumb/v7e-m+fp/hard\libc_nano.a(lib_a-memset.o)
 .debug_frame   0x0000000000000000       0x20 c:/st/stm32cubeide_1.7.0/stm32cubeide/plugins/com.st.stm32cube.ide.mcu.externaltools.gnu-tools-for-stm32.9-2020-q2-update.win32_2.0.0.202105311346/tools/bin/../lib/gcc/arm-none-eabi/9.3.1/../../../../arm-none-eabi/lib/thumb/v7e-m+fp/hard\libc_nano.a(lib_a-memset.o)
 .ARM.attributes
                0x0000000000000000       0x34 c:/st/stm32cubeide_1.7.0/stm32cubeide/plugins/com.st.stm32cube.ide.mcu.externaltools.gnu-tools-for-stm32.9-2020-q2-update.win32_2.0.0.202105311346/tools/bin/../lib/gcc/arm-none-eabi/9.3.1/../../../../arm-none-eabi/lib/thumb/v7e-m+fp/hard\libc_nano.a(lib_a-memset.o)
 .text          0x0000000000000000        0x0 c:/st/stm32cubeide_1.7.0/stm32cubeide/plugins/com.st.stm32cube.ide.mcu.externaltools.gnu-tools-for-stm32.9-2020-q2-update.win32_2.0.0.202105311346/tools/bin/../lib/gcc/arm-none-eabi/9.3.1/../../../../arm-none-eabi/lib/thumb/v7e-m+fp/hard\libnosys.a(_exit.o)
 .data          0x0000000000000000        0x0 c:/st/stm32cubeide_1.7.0/stm32cubeide/plugins/com.st.stm32cube.ide.mcu.externaltools.gnu-tools-for-stm32.9-2020-q2-update.win32_2.0.0.202105311346/tools/bin/../lib/gcc/arm-none-eabi/9.3.1/../../../../arm-none-eabi/lib/thumb/v7e-m+fp/hard\libnosys.a(_exit.o)
 .bss           0x0000000000000000        0x0 c:/st/stm32cubeide_1.7.0/stm32cubeide/plugins/com.st.stm32cube.ide.mcu.externaltools.gnu-tools-for-stm32.9-2020-q2-update.win32_2.0.0.202105311346/tools/bin/../lib/gcc/arm-none-eabi/9.3.1/../../../../arm-none-eabi/lib/thumb/v7e-m+fp/hard\libnosys.a(_exit.o)
 .text._exit    0x0000000000000000        0x2 c:/st/stm32cubeide_1.7.0/stm32cubeide/plugins/com.st.stm32cube.ide.mcu.externaltools.gnu-tools-for-stm32.9-2020-q2-update.win32_2.0.0.202105311346/tools/bin/../lib/gcc/arm-none-eabi/9.3.1/../../../../arm-none-eabi/lib/thumb/v7e-m+fp/hard\libnosys.a(_exit.o)
 .debug_frame   0x0000000000000000       0x20 c:/st/stm32cubeide_1.7.0/stm32cubeide/plugins/com.st.stm32cube.ide.mcu.externaltools.gnu-tools-for-stm32.9-2020-q2-update.win32_2.0.0.202105311346/tools/bin/../lib/gcc/arm-none-eabi/9.3.1/../../../../arm-none-eabi/lib/thumb/v7e-m+fp/hard\libnosys.a(_exit.o)
 .ARM.attributes
                0x0000000000000000       0x34 c:/st/stm32cubeide_1.7.0/stm32cubeide/plugins/com.st.stm32cube.ide.mcu.externaltools.gnu-tools-for-stm32.9-2020-q2-update.win32_2.0.0.202105311346/tools/bin/../lib/gcc/arm-none-eabi/9.3.1/../../../../arm-none-eabi/lib/thumb/v7e-m+fp/hard\libnosys.a(_exit.o)
 .text          0x0000000000000000        0x0 c:/st/stm32cubeide_1.7.0/stm32cubeide/plugins/com.st.stm32cube.ide.mcu.externaltools.gnu-tools-for-stm32.9-2020-q2-update.win32_2.0.0.202105311346/tools/bin/../lib/gcc/arm-none-eabi/9.3.1/thumb/v7e-m+fp/hard/crtend.o
 .data          0x0000000000000000        0x0 c:/st/stm32cubeide_1.7.0/stm32cubeide/plugins/com.st.stm32cube.ide.mcu.externaltools.gnu-tools-for-stm32.9-2020-q2-update.win32_2.0.0.202105311346/tools/bin/../lib/gcc/arm-none-eabi/9.3.1/thumb/v7e-m+fp/hard/crtend.o
 .bss           0x0000000000000000        0x0 c:/st/stm32cubeide_1.7.0/stm32cubeide/plugins/com.st.stm32cube.ide.mcu.externaltools.gnu-tools-for-stm32.9-2020-q2-update.win32_2.0.0.202105311346/tools/bin/../lib/gcc/arm-none-eabi/9.3.1/thumb/v7e-m+fp/hard/crtend.o
 .eh_frame      0x0000000000000000        0x4 c:/st/stm32cubeide_1.7.0/stm32cubeide/plugins/com.st.stm32cube.ide.mcu.externaltools.gnu-tools-for-stm32.9-2020-q2-update.win32_2.0.0.202105311346/tools/bin/../lib/gcc/arm-none-eabi/9.3.1/thumb/v7e-m+fp/hard/crtend.o
 .ARM.attributes
                0x0000000000000000       0x32 c:/st/stm32cubeide_1.7.0/stm32cubeide/plugins/com.st.stm32cube.ide.mcu.externaltools.gnu-tools-for-stm32.9-2020-q2-update.win32_2.0.0.202105311346/tools/bin/../lib/gcc/arm-none-eabi/9.3.1/thumb/v7e-m+fp/hard/crtend.o
 .text          0x0000000000000000        0x0 c:/st/stm32cubeide_1.7.0/stm32cubeide/plugins/com.st.stm32cube.ide.mcu.externaltools.gnu-tools-for-stm32.9-2020-q2-update.win32_2.0.0.202105311346/tools/bin/../lib/gcc/arm-none-eabi/9.3.1/thumb/v7e-m+fp/hard/crtn.o
 .data          0x0000000000000000        0x0 c:/st/stm32cubeide_1.7.0/stm32cubeide/plugins/com.st.stm32cube.ide.mcu.externaltools.gnu-tools-for-stm32.9-2020-q2-update.win32_2.0.0.202105311346/tools/bin/../lib/gcc/arm-none-eabi/9.3.1/thumb/v7e-m+fp/hard/crtn.o
 .bss           0x0000000000000000        0x0 c:/st/stm32cubeide_1.7.0/stm32cubeide/plugins/com.st.stm32cube.ide.mcu.externaltools.gnu-tools-for-stm32.9-2020-q2-update.win32_2.0.0.202105311346/tools/bin/../lib/gcc/arm-none-eabi/9.3.1/thumb/v7e-m+fp/hard/crtn.o

Memory Configuration

Name             Origin             Length             Attributes
RAM              0x0000000020000000 0x0000000000010000 xrw
FLASH            0x0000000008000000 0x0000000000040000 xr
*default*        0x0000000000000000 0xffffffffffffffff

Linker script and memory map

LOAD c:/st/stm32cubeide_1.7.0/stm32cubeide/plugins/com.st.stm32cube.ide.mcu.externaltools.gnu-tools-for-stm32.9-2020-q2-update.win32_2.0.0.202105311346/tools/bin/../lib/gcc/arm-none-eabi/9.3.1/thumb/v7e-m+fp/hard/crti.o
LOAD c:/st/stm32cubeide_1.7.0/stm32cubeide/plugins/com.st.stm32cube.ide.mcu.externaltools.gnu-tools-for-stm32.9-2020-q2-update.win32_2.0.0.202105311346/tools/bin/../lib/gcc/arm-none-eabi/9.3.1/thumb/v7e-m+fp/hard/crtbegin.o
LOAD c:/st/stm32cubeide_1.7.0/stm32cubeide/plugins/com.st.stm32cube.ide.mcu.externaltools.gnu-tools-for-stm32.9-2020-q2-update.win32_2.0.0.202105311346/tools/bin/../lib/gcc/arm-none-eabi/9.3.1/../../../../arm-none-eabi/lib/thumb/v7e-m+fp/hard/crt0.o
LOAD ./Core/Src/KEYPAD_program.o
LOAD ./Core/Src/_7Segment.o
LOAD ./Core/Src/main.o
LOAD ./Core/Src/system_stm32f4xx.o
LOAD ./Core/Startup/startup_stm32f401ccfx.o
LOAD ./GPIO/GPIO.o
LOAD ./test/test.o
START GROUP
LOAD c:/st/stm32cubeide_1.7.0/stm32cubeide/plugins/com.st.stm32cube.ide.mcu.externaltools.gnu-tools-for-stm32.9-2020-q2-update.win32_2.0.0.202105311346/tools/bin/../lib/gcc/arm-none-eabi/9.3.1/../../../../arm-none-eabi/lib/thumb/v7e-m+fp/hard\libc_nano.a
LOAD c:/st/stm32cubeide_1.7.0/stm32cubeide/plugins/com.st.stm32cube.ide.mcu.externaltools.gnu-tools-for-stm32.9-2020-q2-update.win32_2.0.0.202105311346/tools/bin/../lib/gcc/arm-none-eabi/9.3.1/../../../../arm-none-eabi/lib/thumb/v7e-m+fp/hard\libm.a
END GROUP
START GROUP
LOAD c:/st/stm32cubeide_1.7.0/stm32cubeide/plugins/com.st.stm32cube.ide.mcu.externaltools.gnu-tools-for-stm32.9-2020-q2-update.win32_2.0.0.202105311346/tools/bin/../lib/gcc/arm-none-eabi/9.3.1/thumb/v7e-m+fp/hard\libgcc.a
LOAD c:/st/stm32cubeide_1.7.0/stm32cubeide/plugins/com.st.stm32cube.ide.mcu.externaltools.gnu-tools-for-stm32.9-2020-q2-update.win32_2.0.0.202105311346/tools/bin/../lib/gcc/arm-none-eabi/9.3.1/../../../../arm-none-eabi/lib/thumb/v7e-m+fp/hard\libc_nano.a
END GROUP
START GROUP
LOAD c:/st/stm32cubeide_1.7.0/stm32cubeide/plugins/com.st.stm32cube.ide.mcu.externaltools.gnu-tools-for-stm32.9-2020-q2-update.win32_2.0.0.202105311346/tools/bin/../lib/gcc/arm-none-eabi/9.3.1/thumb/v7e-m+fp/hard\libgcc.a
LOAD c:/st/stm32cubeide_1.7.0/stm32cubeide/plugins/com.st.stm32cube.ide.mcu.externaltools.gnu-tools-for-stm32.9-2020-q2-update.win32_2.0.0.202105311346/tools/bin/../lib/gcc/arm-none-eabi/9.3.1/../../../../arm-none-eabi/lib/thumb/v7e-m+fp/hard\libc_nano.a
LOAD c:/st/stm32cubeide_1.7.0/stm32cubeide/plugins/com.st.stm32cube.ide.mcu.externaltools.gnu-tools-for-stm32.9-2020-q2-update.win32_2.0.0.202105311346/tools/bin/../lib/gcc/arm-none-eabi/9.3.1/../../../../arm-none-eabi/lib/thumb/v7e-m+fp/hard\libnosys.a
END GROUP
START GROUP
LOAD c:/st/stm32cubeide_1.7.0/stm32cubeide/plugins/com.st.stm32cube.ide.mcu.externaltools.gnu-tools-for-stm32.9-2020-q2-update.win32_2.0.0.202105311346/tools/bin/../lib/gcc/arm-none-eabi/9.3.1/thumb/v7e-m+fp/hard\libgcc.a
LOAD c:/st/stm32cubeide_1.7.0/stm32cubeide/plugins/com.st.stm32cube.ide.mcu.externaltools.gnu-tools-for-stm32.9-2020-q2-update.win32_2.0.0.202105311346/tools/bin/../lib/gcc/arm-none-eabi/9.3.1/../../../../arm-none-eabi/lib/thumb/v7e-m+fp/hard\libc_nano.a
LOAD c:/st/stm32cubeide_1.7.0/stm32cubeide/plugins/com.st.stm32cube.ide.mcu.externaltools.gnu-tools-for-stm32.9-2020-q2-update.win32_2.0.0.202105311346/tools/bin/../lib/gcc/arm-none-eabi/9.3.1/../../../../arm-none-eabi/lib/thumb/v7e-m+fp/hard\libnosys.a
END GROUP
LOAD c:/st/stm32cubeide_1.7.0/stm32cubeide/plugins/com.st.stm32cube.ide.mcu.externaltools.gnu-tools-for-stm32.9-2020-q2-update.win32_2.0.0.202105311346/tools/bin/../lib/gcc/arm-none-eabi/9.3.1/thumb/v7e-m+fp/hard/crtend.o
LOAD c:/st/stm32cubeide_1.7.0/stm32cubeide/plugins/com.st.stm32cube.ide.mcu.externaltools.gnu-tools-for-stm32.9-2020-q2-update.win32_2.0.0.202105311346/tools/bin/../lib/gcc/arm-none-eabi/9.3.1/thumb/v7e-m+fp/hard/crtn.o
                0x0000000020010000                _estack = (ORIGIN (RAM) + LENGTH (RAM))
                0x0000000000000200                _Min_Heap_Size = 0x200
                0x0000000000000400                _Min_Stack_Size = 0x400

.isr_vector     0x0000000008000000      0x194
                0x0000000008000000                . = ALIGN (0x4)
 *(.isr_vector)
 .isr_vector    0x0000000008000000      0x194 ./Core/Startup/startup_stm32f401ccfx.o
                0x0000000008000000                g_pfnVectors
                0x0000000008000194                . = ALIGN (0x4)

.text           0x0000000008000194      0x6a0
                0x0000000008000194                . = ALIGN (0x4)
 *(.text)
 .text          0x0000000008000194       0x40 c:/st/stm32cubeide_1.7.0/stm32cubeide/plugins/com.st.stm32cube.ide.mcu.externaltools.gnu-tools-for-stm32.9-2020-q2-update.win32_2.0.0.202105311346/tools/bin/../lib/gcc/arm-none-eabi/9.3.1/thumb/v7e-m+fp/hard/crtbegin.o
 *(.text*)
 .text.KEYPAD_Init
                0x00000000080001d4       0x4c ./Core/Src/KEYPAD_program.o
                0x00000000080001d4                KEYPAD_Init
 .text.KEYPAD_GetKey
                0x0000000008000220       0x18 ./Core/Src/KEYPAD_program.o
                0x0000000008000220                KEYPAD_GetKey
 .text.KEYPAD_Manage
                0x0000000008000238       0xa4 ./Core/Src/KEYPAD_program.o
                0x0000000008000238                KEYPAD_Manage
 .text.Segment_Init
                0x00000000080002dc       0x5c ./Core/Src/_7Segment.o
                0x00000000080002dc                Segment_Init
 .text.Segment_Display
                0x0000000008000338       0x74 ./Core/Src/_7Segment.o
                0x0000000008000338                Segment_Display
 .text.KEYPAD_Callouts_KeyPressNotificaton
                0x00000000080003ac       0x24 ./Core/Src/main.o
                0x00000000080003ac                KEYPAD_Callouts_KeyPressNotificaton
 .text.main     0x00000000080003d0       0x18 ./Core/Src/main.o
                0x00000000080003d0                main
 .text.SystemInit
                0x00000000080003e8       0x24 ./Core/Src/system_stm32f4xx.o
                0x00000000080003e8                SystemInit
 .text.Reset_Handler
                0x000000000800040c       0x50 ./Core/Startup/startup_stm32f401ccfx.o
                0x000000000800040c                Reset_Handler
 .text.Default_Handler
                0x000000000800045c        0x2 ./Core/Startup/startup_stm32f401ccfx.o
                0x000000000800045c                RTC_Alarm_IRQHandler
                0x000000000800045c                EXTI2_IRQHandler
                0x000000000800045c                DebugMon_Handler
                0x000000000800045c                SPI4_IRQHandler
                0x000000000800045c                TIM1_CC_IRQHandler
                0x000000000800045c                DMA2_Stream5_IRQHandler
                0x000000000800045c                HardFault_Handler
                0x000000000800045c                DMA1_Stream5_IRQHandler
                0x000000000800045c                SysTick_Handler
                0x000000000800045c                PVD_IRQHandler
                0x000000000800045c                SDIO_IRQHandler
                0x000000000800045c                TAMP_STAMP_IRQHandler
                0x000000000800045c                PendSV_Handler
                0x000000000800045c                NMI_Handler
                0x000000000800045c                EXTI3_IRQHandler
                0x000000000800045c                TIM1_UP_TIM10_IRQHandler
                0x000000000800045c                I2C3_ER_IRQHandler
                0x000000000800045c                EXTI0_IRQHandler
                0x000000000800045c                I2C2_EV_IRQHandler
                0x000000000800045c                DMA1_Stream2_IRQHandler
                0x000000000800045c                FPU_IRQHandler
                0x000000000800045c                UsageFault_Handler
                0x000000000800045c                DMA2_Stream2_IRQHandler
                0x000000000800045c                SPI1_IRQHandler
                0x000000000800045c                TIM1_BRK_TIM9_IRQHandler
                0x000000000800045c                DMA2_Stream3_IRQHandler
                0x000000000800045c                USART6_IRQHandler
                0x000000000800045c                DMA2_Stream0_IRQHandler
                0x000000000800045c                TIM4_IRQHandler
                0x000000000800045c                I2C1_EV_IRQHandler
                0x000000000800045c                DMA1_Stream6_IRQHandler
                0x000000000800045c                DMA1_Stream1_IRQHandler
                0x000000000800045c                TIM3_IRQHandler
                0x000000000800045c                RCC_IRQHandler
                0x000000000800045c                Default_Handler
                0x000000000800045c                EXTI15_10_IRQHandler
                0x000000000800045c                ADC_IRQHandler
                0x000000000800045c                DMA1_Stream7_IRQHandler
                0x000000000800045c                TIM5_IRQHandler
                0x000000000800045c                DMA2_Stream7_IRQHandler
                0x000000000800045c                I2C3_EV_IRQHandler
                0x000000000800045c                EXTI9_5_IRQHandler
                0x000000000800045c                RTC_WKUP_IRQHandler
                0x000000000800045c                SPI2_IRQHandler
                0x000000000800045c                MemManage_Handler
                0x000000000800045c                DMA1_Stream0_IRQHandler
                0x000000000800045c                SVC_Handler
                0x000000000800045c                EXTI4_IRQHandler
                0x000000000800045c                WWDG_IRQHandler
                0x000000000800045c                TIM2_IRQHandler
                0x000000000800045c                OTG_FS_WKUP_IRQHandler
                0x000000000800045c                TIM1_TRG_COM_TIM11_IRQHandler
                0x000000000800045c                EXTI1_IRQHandler
                0x000000000800045c                USART2_IRQHandler
                0x000000000800045c                I2C2_ER_IRQHandler
                0x000000000800045c                DMA2_Stream1_IRQHandler
                0x000000000800045c                FLASH_IRQHandler
                0x000000000800045c                DMA2_Stream4_IRQHandler
                0x000000000800045c                BusFault_Handler
                0x000000000800045c                USART1_IRQHandler
                0x000000000800045c                OTG_FS_IRQHandler
                0x000000000800045c                SPI3_IRQHandler
                0x000000000800045c                DMA1_Stream4_IRQHandler
                0x000000000800045c                I2C1_ER_IRQHandler
                0x000000000800045c                DMA2_Stream6_IRQHandler
                0x000000000800045c                DMA1_Stream3_IRQHandler
 *fill*         0x000000000800045e        0x2 
 .text.GPIO_Init
                0x0000000008000460      0x254 ./GPIO/GPIO.o
                0x0000000008000460                GPIO_Init
 .text.GPIO_WritePin
                0x00000000080006b4       0xb0 ./GPIO/GPIO.o
                0x00000000080006b4                GPIO_WritePin
 .text.GPIO_ReadPin
                0x0000000008000764       0x3c ./GPIO/GPIO.o
                0x0000000008000764                GPIO_ReadPin
 .text.delay_ms
                0x00000000080007a0       0x32 ./GPIO/GPIO.o
                0x00000000080007a0                delay_ms
 *fill*         0x00000000080007d2        0x2 
 .text.__libc_init_array
                0x00000000080007d4       0x48 c:/st/stm32cubeide_1.7.0/stm32cubeide/plugins/com.st.stm32cube.ide.mcu.externaltools.gnu-tools-for-stm32.9-2020-q2-update.win32_2.0.0.202105311346/tools/bin/../lib/gcc/arm-none-eabi/9.3.1/../../../../arm-none-eabi/lib/thumb/v7e-m+fp/hard\libc_nano.a(lib_a-init.o)
                0x00000000080007d4                __libc_init_array
 *(.glue_7)
 .glue_7        0x000000000800081c        0x0 linker stubs
 *(.glue_7t)
 .glue_7t       0x000000000800081c        0x0 linker stubs
 *(.eh_frame)
 .eh_frame      0x000000000800081c        0x0 c:/st/stm32cubeide_1.7.0/stm32cubeide/plugins/com.st.stm32cube.ide.mcu.externaltools.gnu-tools-for-stm32.9-2020-q2-update.win32_2.0.0.202105311346/tools/bin/../lib/gcc/arm-none-eabi/9.3.1/thumb/v7e-m+fp/hard/crtbegin.o
 *(.init)
 .init          0x000000000800081c        0x4 c:/st/stm32cubeide_1.7.0/stm32cubeide/plugins/com.st.stm32cube.ide.mcu.externaltools.gnu-tools-for-stm32.9-2020-q2-update.win32_2.0.0.202105311346/tools/bin/../lib/gcc/arm-none-eabi/9.3.1/thumb/v7e-m+fp/hard/crti.o
                0x000000000800081c                _init
 .init          0x0000000008000820        0x8 c:/st/stm32cubeide_1.7.0/stm32cubeide/plugins/com.st.stm32cube.ide.mcu.externaltools.gnu-tools-for-stm32.9-2020-q2-update.win32_2.0.0.202105311346/tools/bin/../lib/gcc/arm-none-eabi/9.3.1/thumb/v7e-m+fp/hard/crtn.o
 *(.fini)
 .fini          0x0000000008000828        0x4 c:/st/stm32cubeide_1.7.0/stm32cubeide/plugins/com.st.stm32cube.ide.mcu.externaltools.gnu-tools-for-stm32.9-2020-q2-update.win32_2.0.0.202105311346/tools/bin/../lib/gcc/arm-none-eabi/9.3.1/thumb/v7e-m+fp/hard/crti.o
                0x0000000008000828                _fini
 .fini          0x000000000800082c        0x8 c:/st/stm32cubeide_1.7.0/stm32cubeide/plugins/com.st.stm32cube.ide.mcu.externaltools.gnu-tools-for-stm32.9-2020-q2-update.win32_2.0.0.202105311346/tools/bin/../lib/gcc/arm-none-eabi/9.3.1/thumb/v7e-m+fp/hard/crtn.o
                0x0000000008000834                . = ALIGN (0x4)
                0x0000000008000834                _etext = .

.vfp11_veneer   0x0000000008000834        0x0
 .vfp11_veneer  0x0000000008000834        0x0 linker stubs

.v4_bx          0x0000000008000834        0x0
 .v4_bx         0x0000000008000834        0x0 linker stubs

.iplt           0x0000000008000834        0x0
 .iplt          0x0000000008000834        0x0 c:/st/stm32cubeide_1.7.0/stm32cubeide/plugins/com.st.stm32cube.ide.mcu.externaltools.gnu-tools-for-stm32.9-2020-q2-update.win32_2.0.0.202105311346/tools/bin/../lib/gcc/arm-none-eabi/9.3.1/thumb/v7e-m+fp/hard/crtbegin.o

.rodata         0x0000000008000834        0xc
                0x0000000008000834                . = ALIGN (0x4)
 *(.rodata)
 .rodata        0x0000000008000834        0xa ./Core/Src/_7Segment.o
 *(.rodata*)
                0x0000000008000840                . = ALIGN (0x4)
 *fill*         0x000000000800083e        0x2 

.rel.dyn        0x0000000008000840        0x0
 .rel.iplt      0x0000000008000840        0x0 c:/st/stm32cubeide_1.7.0/stm32cubeide/plugins/com.st.stm32cube.ide.mcu.externaltools.gnu-tools-for-stm32.9-2020-q2-update.win32_2.0.0.202105311346/tools/bin/../lib/gcc/arm-none-eabi/9.3.1/thumb/v7e-m+fp/hard/crtbegin.o

.ARM.extab      0x0000000008000840        0x0
                0x0000000008000840                . = ALIGN (0x4)
 *(.ARM.extab* .gnu.linkonce.armextab.*)
                0x0000000008000840                . = ALIGN (0x4)

.ARM            0x0000000008000840        0x0
                0x0000000008000840                . = ALIGN (0x4)
                0x0000000008000840                __exidx_start = .
 *(.ARM.exidx*)
                0x0000000008000840                __exidx_end = .
                0x0000000008000840                . = ALIGN (0x4)

.preinit_array  0x0000000008000840        0x0
                0x0000000008000840                . = ALIGN (0x4)
                0x0000000008000840                PROVIDE (__preinit_array_start = .)
 *(.preinit_array*)
                0x0000000008000840                PROVIDE (__preinit_array_end = .)
                0x0000000008000840                . = ALIGN (0x4)

.init_array     0x0000000008000840        0x4
                0x0000000008000840                . = ALIGN (0x4)
                0x0000000008000840                PROVIDE (__init_array_start = .)
 *(SORT_BY_NAME(.init_array.*))
 *(.init_array*)
 .init_array    0x0000000008000840        0x4 c:/st/stm32cubeide_1.7.0/stm32cubeide/plugins/com.st.stm32cube.ide.mcu.externaltools.gnu-tools-for-stm32.9-2020-q2-update.win32_2.0.0.202105311346/tools/bin/../lib/gcc/arm-none-eabi/9.3.1/thumb/v7e-m+fp/hard/crtbegin.o
                0x0000000008000844                PROVIDE (__init_array_end = .)
                0x0000000008000844                . = ALIGN (0x4)

.fini_array     0x0000000008000844        0x4
                0x0000000008000844                . = ALIGN (0x4)
                [!provide]                        PROVIDE (__fini_array_start = .)
 *(SORT_BY_NAME(.fini_array.*))
 *(.fini_array*)
 .fini_array    0x0000000008000844        0x4 c:/st/stm32cubeide_1.7.0/stm32cubeide/plugins/com.st.stm32cube.ide.mcu.externaltools.gnu-tools-for-stm32.9-2020-q2-update.win32_2.0.0.202105311346/tools/bin/../lib/gcc/arm-none-eabi/9.3.1/thumb/v7e-m+fp/hard/crtbegin.o
                [!provide]                        PROVIDE (__fini_array_end = .)
                0x0000000008000848                . = ALIGN (0x4)
                0x0000000008000848                _sidata = LOADADDR (.data)

.data           0x0000000020000000       0x64 load address 0x0000000008000848
                0x0000000020000000                . = ALIGN (0x4)
                0x0000000020000000                _sdata = .
 *(.data)
 *(.data*)
 .data.keys     0x0000000020000000        0xc ./Core/Src/KEYPAD_program.o
                0x0000000020000000                keys
 .data.TheStorer
                0x000000002000000c       0x58 ./GPIO/GPIO.o
                0x000000002000000c                TheStorer
 *(.RamFunc)
 *(.RamFunc*)
                0x0000000020000064                . = ALIGN (0x4)
                0x0000000020000064                _edata = .

.igot.plt       0x0000000020000064        0x0 load address 0x00000000080008ac
 .igot.plt      0x0000000020000064        0x0 c:/st/stm32cubeide_1.7.0/stm32cubeide/plugins/com.st.stm32cube.ide.mcu.externaltools.gnu-tools-for-stm32.9-2020-q2-update.win32_2.0.0.202105311346/tools/bin/../lib/gcc/arm-none-eabi/9.3.1/thumb/v7e-m+fp/hard/crtbegin.o
                0x0000000020000064                . = ALIGN (0x4)

.bss            0x0000000020000064       0x24 load address 0x00000000080008ac
                0x0000000020000064                _sbss = .
                0x0000000020000064                __bss_start__ = _sbss
 *(.bss)
 .bss           0x0000000020000064       0x1c c:/st/stm32cubeide_1.7.0/stm32cubeide/plugins/com.st.stm32cube.ide.mcu.externaltools.gnu-tools-for-stm32.9-2020-q2-update.win32_2.0.0.202105311346/tools/bin/../lib/gcc/arm-none-eabi/9.3.1/thumb/v7e-m+fp/hard/crtbegin.o
 *(.bss*)
 *(COMMON)
 COMMON         0x0000000020000080        0x1 ./Core/Src/KEYPAD_program.o
                0x0000000020000080                TheKeyReturened
 COMMON         0x0000000020000081        0x3 ./Core/Src/_7Segment.o
                0x0000000020000081                Start_pin
                0x0000000020000082                The_port
                0x0000000020000083                End_pin
 COMMON         0x0000000020000084        0x4 ./Core/Src/main.o
                0x0000000020000084                TheNewer_TheKeyReturened
                0x0000000020000088                . = ALIGN (0x4)
                0x0000000020000088                _ebss = .
                0x0000000020000088                __bss_end__ = _ebss

._user_heap_stack
                0x0000000020000088      0x600 load address 0x00000000080008ac
                0x0000000020000088                . = ALIGN (0x8)
                [!provide]                        PROVIDE (end = .)
                [!provide]                        PROVIDE (_end = .)
                0x0000000020000288                . = (. + _Min_Heap_Size)
 *fill*         0x0000000020000088      0x200 
                0x0000000020000688                . = (. + _Min_Stack_Size)
 *fill*         0x0000000020000288      0x400 
                0x0000000020000688                . = ALIGN (0x8)

/DISCARD/
 libc.a(*)
 libm.a(*)
 libgcc.a(*)

.ARM.attributes
                0x0000000000000000       0x30
 *(.ARM.attributes)
 .ARM.attributes
                0x0000000000000000       0x1e c:/st/stm32cubeide_1.7.0/stm32cubeide/plugins/com.st.stm32cube.ide.mcu.externaltools.gnu-tools-for-stm32.9-2020-q2-update.win32_2.0.0.202105311346/tools/bin/../lib/gcc/arm-none-eabi/9.3.1/thumb/v7e-m+fp/hard/crti.o
 .ARM.attributes
                0x000000000000001e       0x34 c:/st/stm32cubeide_1.7.0/stm32cubeide/plugins/com.st.stm32cube.ide.mcu.externaltools.gnu-tools-for-stm32.9-2020-q2-update.win32_2.0.0.202105311346/tools/bin/../lib/gcc/arm-none-eabi/9.3.1/thumb/v7e-m+fp/hard/crtbegin.o
 .ARM.attributes
                0x0000000000000052       0x34 ./Core/Src/KEYPAD_program.o
 .ARM.attributes
                0x0000000000000086       0x34 ./Core/Src/_7Segment.o
 .ARM.attributes
                0x00000000000000ba       0x34 ./Core/Src/main.o
 .ARM.attributes
                0x00000000000000ee       0x34 ./Core/Src/system_stm32f4xx.o
 .ARM.attributes
                0x0000000000000122       0x21 ./Core/Startup/startup_stm32f401ccfx.o
 .ARM.attributes
                0x0000000000000143       0x34 ./GPIO/GPIO.o
 .ARM.attributes
                0x0000000000000177       0x34 c:/st/stm32cubeide_1.7.0/stm32cubeide/plugins/com.st.stm32cube.ide.mcu.externaltools.gnu-tools-for-stm32.9-2020-q2-update.win32_2.0.0.202105311346/tools/bin/../lib/gcc/arm-none-eabi/9.3.1/../../../../arm-none-eabi/lib/thumb/v7e-m+fp/hard\libc_nano.a(lib_a-init.o)
 .ARM.attributes
                0x00000000000001ab       0x1e c:/st/stm32cubeide_1.7.0/stm32cubeide/plugins/com.st.stm32cube.ide.mcu.externaltools.gnu-tools-for-stm32.9-2020-q2-update.win32_2.0.0.202105311346/tools/bin/../lib/gcc/arm-none-eabi/9.3.1/thumb/v7e-m+fp/hard/crtn.o
OUTPUT(lab3.elf elf32-littlearm)
LOAD linker stubs
LOAD c:/st/stm32cubeide_1.7.0/stm32cubeide/plugins/com.st.stm32cube.ide.mcu.externaltools.gnu-tools-for-stm32.9-2020-q2-update.win32_2.0.0.202105311346/tools/bin/../lib/gcc/arm-none-eabi/9.3.1/../../../../arm-none-eabi/lib/thumb/v7e-m+fp/hard\libc.a
LOAD c:/st/stm32cubeide_1.7.0/stm32cubeide/plugins/com.st.stm32cube.ide.mcu.externaltools.gnu-tools-for-stm32.9-2020-q2-update.win32_2.0.0.202105311346/tools/bin/../lib/gcc/arm-none-eabi/9.3.1/../../../../arm-none-eabi/lib/thumb/v7e-m+fp/hard\libm.a
LOAD c:/st/stm32cubeide_1.7.0/stm32cubeide/plugins/com.st.stm32cube.ide.mcu.externaltools.gnu-tools-for-stm32.9-2020-q2-update.win32_2.0.0.202105311346/tools/bin/../lib/gcc/arm-none-eabi/9.3.1/thumb/v7e-m+fp/hard\libgcc.a

.debug_info     0x0000000000000000      0xbbe
 .debug_info    0x0000000000000000      0x11f ./Core/Src/KEYPAD_program.o
 .debug_info    0x000000000000011f      0x156 ./Core/Src/_7Segment.o
 .debug_info    0x0000000000000275      0x157 ./Core/Src/main.o
 .debug_info    0x00000000000003cc      0x572 ./Core/Src/system_stm32f4xx.o
 .debug_info    0x000000000000093e       0x22 ./Core/Startup/startup_stm32f401ccfx.o
 .debug_info    0x0000000000000960      0x25e ./GPIO/GPIO.o

.debug_abbrev   0x0000000000000000      0x4d0
 .debug_abbrev  0x0000000000000000       0xda ./Core/Src/KEYPAD_program.o
 .debug_abbrev  0x00000000000000da       0xc4 ./Core/Src/_7Segment.o
 .debug_abbrev  0x000000000000019e       0xc9 ./Core/Src/main.o
 .debug_abbrev  0x0000000000000267      0x129 ./Core/Src/system_stm32f4xx.o
 .debug_abbrev  0x0000000000000390       0x12 ./Core/Startup/startup_stm32f401ccfx.o
 .debug_abbrev  0x00000000000003a2      0x12e ./GPIO/GPIO.o

.debug_aranges  0x0000000000000000      0x110
 .debug_aranges
                0x0000000000000000       0x30 ./Core/Src/KEYPAD_program.o
 .debug_aranges
                0x0000000000000030       0x30 ./Core/Src/_7Segment.o
 .debug_aranges
                0x0000000000000060       0x28 ./Core/Src/main.o
 .debug_aranges
                0x0000000000000088       0x28 ./Core/Src/system_stm32f4xx.o
 .debug_aranges
                0x00000000000000b0       0x28 ./Core/Startup/startup_stm32f401ccfx.o
 .debug_aranges
                0x00000000000000d8       0x38 ./GPIO/GPIO.o

.debug_ranges   0x0000000000000000       0xb8
 .debug_ranges  0x0000000000000000       0x20 ./Core/Src/KEYPAD_program.o
 .debug_ranges  0x0000000000000020       0x20 ./Core/Src/_7Segment.o
 .debug_ranges  0x0000000000000040       0x18 ./Core/Src/main.o
 .debug_ranges  0x0000000000000058       0x18 ./Core/Src/system_stm32f4xx.o
 .debug_ranges  0x0000000000000070       0x20 ./Core/Startup/startup_stm32f401ccfx.o
 .debug_ranges  0x0000000000000090       0x28 ./GPIO/GPIO.o

.debug_macro    0x0000000000000000     0xe118
 .debug_macro   0x0000000000000000       0x37 ./Core/Src/KEYPAD_program.o
 .debug_macro   0x0000000000000037      0xaa8 ./Core/Src/KEYPAD_program.o
 .debug_macro   0x0000000000000adf       0x64 ./Core/Src/KEYPAD_program.o
 .debug_macro   0x0000000000000b43       0x2e ./Core/Src/KEYPAD_program.o
 .debug_macro   0x0000000000000b71       0x24 ./Core/Src/_7Segment.o
 .debug_macro   0x0000000000000b95       0xe5 ./Core/Src/main.o
 .debug_macro   0x0000000000000c7a       0x28 ./Core/Src/main.o
 .debug_macro   0x0000000000000ca2       0x22 ./Core/Src/main.o
 .debug_macro   0x0000000000000cc4       0x8e ./Core/Src/main.o
 .debug_macro   0x0000000000000d52       0x51 ./Core/Src/main.o
 .debug_macro   0x0000000000000da3      0x103 ./Core/Src/main.o
 .debug_macro   0x0000000000000ea6       0x6a ./Core/Src/main.o
 .debug_macro   0x0000000000000f10      0x1df ./Core/Src/main.o
 .debug_macro   0x00000000000010ef       0x1c ./Core/Src/main.o
 .debug_macro   0x000000000000110b       0x22 ./Core/Src/main.o
 .debug_macro   0x000000000000112d       0xdf ./Core/Src/main.o
 .debug_macro   0x000000000000120c     0x102d ./Core/Src/main.o
 .debug_macro   0x0000000000002239      0x11f ./Core/Src/main.o
 .debug_macro   0x0000000000002358     0xb86c ./Core/Src/main.o
 .debug_macro   0x000000000000dbc4      0x136 ./Core/Src/main.o
 .debug_macro   0x000000000000dcfa       0xda ./Core/Src/system_stm32f4xx.o
 .debug_macro   0x000000000000ddd4       0x2e ./Core/Src/system_stm32f4xx.o
 .debug_macro   0x000000000000de02       0x6d ./Core/Src/system_stm32f4xx.o
 .debug_macro   0x000000000000de6f      0x179 ./GPIO/GPIO.o
 .debug_macro   0x000000000000dfe8      0x130 ./GPIO/GPIO.o

.debug_line     0x0000000000000000     0x12e5
 .debug_line    0x0000000000000000      0x165 ./Core/Src/KEYPAD_program.o
 .debug_line    0x0000000000000165      0x137 ./Core/Src/_7Segment.o
 .debug_line    0x000000000000029c      0x4cd ./Core/Src/main.o
 .debug_line    0x0000000000000769      0x4f2 ./Core/Src/system_stm32f4xx.o
 .debug_line    0x0000000000000c5b       0x88 ./Core/Startup/startup_stm32f401ccfx.o
 .debug_line    0x0000000000000ce3      0x602 ./GPIO/GPIO.o

.debug_str      0x0000000000000000    0x500b3
 .debug_str     0x0000000000000000     0x2f14 ./Core/Src/KEYPAD_program.o
                                       0x2f36 (size before relaxing)
 .debug_str     0x0000000000002f14       0x84 ./Core/Src/_7Segment.o
                                       0x2ed8 (size before relaxing)
 .debug_str     0x0000000000002f98    0x4c41f ./Core/Src/main.o
                                      0x4f3da (size before relaxing)
 .debug_str     0x000000000004f3b7      0x920 ./Core/Src/system_stm32f4xx.o
                                      0x4f6c7 (size before relaxing)
 .debug_str     0x000000000004fcd7       0x36 ./Core/Startup/startup_stm32f401ccfx.o
                                         0x5f (size before relaxing)
 .debug_str     0x000000000004fd0d      0x3a6 ./GPIO/GPIO.o
                                      0x4f713 (size before relaxing)

.comment        0x0000000000000000       0x53
 .comment       0x0000000000000000       0x53 ./Core/Src/KEYPAD_program.o
                                         0x54 (size before relaxing)
 .comment       0x0000000000000053       0x54 ./Core/Src/_7Segment.o
 .comment       0x0000000000000053       0x54 ./Core/Src/main.o
 .comment       0x0000000000000053       0x54 ./Core/Src/system_stm32f4xx.o
 .comment       0x0000000000000053       0x54 ./GPIO/GPIO.o

.debug_frame    0x0000000000000000      0x27c
 .debug_frame   0x0000000000000000       0x78 ./Core/Src/KEYPAD_program.o
 .debug_frame   0x0000000000000078       0x80 ./Core/Src/_7Segment.o
 .debug_frame   0x00000000000000f8       0x48 ./Core/Src/main.o
 .debug_frame   0x0000000000000140       0x58 ./Core/Src/system_stm32f4xx.o
 .debug_frame   0x0000000000000198       0xb8 ./GPIO/GPIO.o
 .debug_frame   0x0000000000000250       0x2c c:/st/stm32cubeide_1.7.0/stm32cubeide/plugins/com.st.stm32cube.ide.mcu.externaltools.gnu-tools-for-stm32.9-2020-q2-update.win32_2.0.0.202105311346/tools/bin/../lib/gcc/arm-none-eabi/9.3.1/../../../../arm-none-eabi/lib/thumb/v7e-m+fp/hard\libc_nano.a(lib_a-init.o)
